Archive member included to satisfy reference by file (symbol)

/opt/st/stm32cubeide_1.5.0/plugins/com.st.stm32cube.ide.mcu.externaltools.gnu-tools-for-stm32.7-2018-q2-update.linux64_1.5.0.202011040924/tools/bin/../lib/gcc/arm-none-eabi/7.3.1/../../../../arm-none-eabi/lib/thumb/v7-m/libc.a(lib_a-exit.o)
                              /opt/st/stm32cubeide_1.5.0/plugins/com.st.stm32cube.ide.mcu.externaltools.gnu-tools-for-stm32.7-2018-q2-update.linux64_1.5.0.202011040924/tools/bin/../lib/gcc/arm-none-eabi/7.3.1/../../../../arm-none-eabi/lib/thumb/v7-m/crt0.o (exit)
/opt/st/stm32cubeide_1.5.0/plugins/com.st.stm32cube.ide.mcu.externaltools.gnu-tools-for-stm32.7-2018-q2-update.linux64_1.5.0.202011040924/tools/bin/../lib/gcc/arm-none-eabi/7.3.1/../../../../arm-none-eabi/lib/thumb/v7-m/libc.a(lib_a-impure.o)
                              /opt/st/stm32cubeide_1.5.0/plugins/com.st.stm32cube.ide.mcu.externaltools.gnu-tools-for-stm32.7-2018-q2-update.linux64_1.5.0.202011040924/tools/bin/../lib/gcc/arm-none-eabi/7.3.1/../../../../arm-none-eabi/lib/thumb/v7-m/libc.a(lib_a-exit.o) (_global_impure_ptr)
/opt/st/stm32cubeide_1.5.0/plugins/com.st.stm32cube.ide.mcu.externaltools.gnu-tools-for-stm32.7-2018-q2-update.linux64_1.5.0.202011040924/tools/bin/../lib/gcc/arm-none-eabi/7.3.1/../../../../arm-none-eabi/lib/thumb/v7-m/libc.a(lib_a-init.o)
                              /opt/st/stm32cubeide_1.5.0/plugins/com.st.stm32cube.ide.mcu.externaltools.gnu-tools-for-stm32.7-2018-q2-update.linux64_1.5.0.202011040924/tools/bin/../lib/gcc/arm-none-eabi/7.3.1/../../../../arm-none-eabi/lib/thumb/v7-m/crt0.o (__libc_init_array)
/opt/st/stm32cubeide_1.5.0/plugins/com.st.stm32cube.ide.mcu.externaltools.gnu-tools-for-stm32.7-2018-q2-update.linux64_1.5.0.202011040924/tools/bin/../lib/gcc/arm-none-eabi/7.3.1/../../../../arm-none-eabi/lib/thumb/v7-m/libc.a(lib_a-memcmp.o)
                              src/gcode.o (memcmp)
/opt/st/stm32cubeide_1.5.0/plugins/com.st.stm32cube.ide.mcu.externaltools.gnu-tools-for-stm32.7-2018-q2-update.linux64_1.5.0.202011040924/tools/bin/../lib/gcc/arm-none-eabi/7.3.1/../../../../arm-none-eabi/lib/thumb/v7-m/libc.a(lib_a-memset.o)
                              /opt/st/stm32cubeide_1.5.0/plugins/com.st.stm32cube.ide.mcu.externaltools.gnu-tools-for-stm32.7-2018-q2-update.linux64_1.5.0.202011040924/tools/bin/../lib/gcc/arm-none-eabi/7.3.1/../../../../arm-none-eabi/lib/thumb/v7-m/crt0.o (memset)
/opt/st/stm32cubeide_1.5.0/plugins/com.st.stm32cube.ide.mcu.externaltools.gnu-tools-for-stm32.7-2018-q2-update.linux64_1.5.0.202011040924/tools/bin/../lib/gcc/arm-none-eabi/7.3.1/../../../../arm-none-eabi/lib/thumb/v7-m/libc.a(lib_a-__call_atexit.o)
                              /opt/st/stm32cubeide_1.5.0/plugins/com.st.stm32cube.ide.mcu.externaltools.gnu-tools-for-stm32.7-2018-q2-update.linux64_1.5.0.202011040924/tools/bin/../lib/gcc/arm-none-eabi/7.3.1/../../../../arm-none-eabi/lib/thumb/v7-m/libc.a(lib_a-exit.o) (__call_exitprocs)
/opt/st/stm32cubeide_1.5.0/plugins/com.st.stm32cube.ide.mcu.externaltools.gnu-tools-for-stm32.7-2018-q2-update.linux64_1.5.0.202011040924/tools/bin/../lib/gcc/arm-none-eabi/7.3.1/../../../../arm-none-eabi/lib/thumb/v7-m/libc.a(lib_a-atexit.o)
                              /opt/st/stm32cubeide_1.5.0/plugins/com.st.stm32cube.ide.mcu.externaltools.gnu-tools-for-stm32.7-2018-q2-update.linux64_1.5.0.202011040924/tools/bin/../lib/gcc/arm-none-eabi/7.3.1/../../../../arm-none-eabi/lib/thumb/v7-m/libc.a(lib_a-__call_atexit.o) (atexit)
/opt/st/stm32cubeide_1.5.0/plugins/com.st.stm32cube.ide.mcu.externaltools.gnu-tools-for-stm32.7-2018-q2-update.linux64_1.5.0.202011040924/tools/bin/../lib/gcc/arm-none-eabi/7.3.1/../../../../arm-none-eabi/lib/thumb/v7-m/libc.a(lib_a-fini.o)
                              /opt/st/stm32cubeide_1.5.0/plugins/com.st.stm32cube.ide.mcu.externaltools.gnu-tools-for-stm32.7-2018-q2-update.linux64_1.5.0.202011040924/tools/bin/../lib/gcc/arm-none-eabi/7.3.1/../../../../arm-none-eabi/lib/thumb/v7-m/libc.a(lib_a-__call_atexit.o) (__libc_fini_array)
/opt/st/stm32cubeide_1.5.0/plugins/com.st.stm32cube.ide.mcu.externaltools.gnu-tools-for-stm32.7-2018-q2-update.linux64_1.5.0.202011040924/tools/bin/../lib/gcc/arm-none-eabi/7.3.1/../../../../arm-none-eabi/lib/thumb/v7-m/libc.a(lib_a-lock.o)
                              /opt/st/stm32cubeide_1.5.0/plugins/com.st.stm32cube.ide.mcu.externaltools.gnu-tools-for-stm32.7-2018-q2-update.linux64_1.5.0.202011040924/tools/bin/../lib/gcc/arm-none-eabi/7.3.1/../../../../arm-none-eabi/lib/thumb/v7-m/libc.a(lib_a-__call_atexit.o) (__retarget_lock_acquire_recursive)
/opt/st/stm32cubeide_1.5.0/plugins/com.st.stm32cube.ide.mcu.externaltools.gnu-tools-for-stm32.7-2018-q2-update.linux64_1.5.0.202011040924/tools/bin/../lib/gcc/arm-none-eabi/7.3.1/../../../../arm-none-eabi/lib/thumb/v7-m/libc.a(lib_a-__atexit.o)
[...]
Memory Configuration

Name             Origin             Length             Attributes
FLASH            0x0000000008000000 0x0000000000010000 xr
RAM              0x0000000020000000 0x0000000000005000 xrw
MEMORY_B1        0x0000000060000000 0x0000000000000000 xr
*default*        0x0000000000000000 0xffffffffffffffff

Linker script and memory map

LOAD /opt/st/stm32cubeide_1.5.0/plugins/com.st.stm32cube.ide.mcu.externaltools.gnu-tools-for-stm32.7-2018-q2-update.linux64_1.5.0.202011040924/tools/bin/../lib/gcc/arm-none-eabi/7.3.1/thumb/v7-m/crti.o
LOAD /opt/st/stm32cubeide_1.5.0/plugins/com.st.stm32cube.ide.mcu.externaltools.gnu-tools-for-stm32.7-2018-q2-update.linux64_1.5.0.202011040924/tools/bin/../lib/gcc/arm-none-eabi/7.3.1/thumb/v7-m/crtbegin.o
LOAD /opt/st/stm32cubeide_1.5.0/plugins/com.st.stm32cube.ide.mcu.externaltools.gnu-tools-for-stm32.7-2018-q2-update.linux64_1.5.0.202011040924/tools/bin/../lib/gcc/arm-none-eabi/7.3.1/../../../../arm-none-eabi/lib/thumb/v7-m/crt0.o
LOAD Libraries/STM32F10x_StdPeriph_Driver/src/misc.o
LOAD Libraries/STM32F10x_StdPeriph_Driver/src/stm32f10x_adc.o
LOAD Libraries/STM32F10x_StdPeriph_Driver/src/stm32f10x_bkp.o
LOAD Libraries/STM32F10x_StdPeriph_Driver/src/stm32f10x_can.o
LOAD Libraries/STM32F10x_StdPeriph_Driver/src/stm32f10x_cec.o
LOAD Libraries/STM32F10x_StdPeriph_Driver/src/stm32f10x_crc.o
LOAD Libraries/STM32F10x_StdPeriph_Driver/src/stm32f10x_dac.o
LOAD Libraries/STM32F10x_StdPeriph_Driver/src/stm32f10x_dbgmcu.o
LOAD Libraries/STM32F10x_StdPeriph_Driver/src/stm32f10x_dma.o
LOAD Libraries/STM32F10x_StdPeriph_Driver/src/stm32f10x_exti.o
LOAD Libraries/STM32F10x_StdPeriph_Driver/src/stm32f10x_flash.o
LOAD Libraries/STM32F10x_StdPeriph_Driver/src/stm32f10x_fsmc.o
LOAD Libraries/STM32F10x_StdPeriph_Driver/src/stm32f10x_gpio.o
LOAD Libraries/STM32F10x_StdPeriph_Driver/src/stm32f10x_i2c.o
LOAD Libraries/STM32F10x_StdPeriph_Driver/src/stm32f10x_iwdg.o
LOAD Libraries/STM32F10x_StdPeriph_Driver/src/stm32f10x_pwr.o
LOAD Libraries/STM32F10x_StdPeriph_Driver/src/stm32f10x_rcc.o
LOAD Libraries/STM32F10x_StdPeriph_Driver/src/stm32f10x_rtc.o
LOAD Libraries/STM32F10x_StdPeriph_Driver/src/stm32f10x_sdio.o
LOAD Libraries/STM32F10x_StdPeriph_Driver/src/stm32f10x_spi.o
LOAD Libraries/STM32F10x_StdPeriph_Driver/src/stm32f10x_tim.o
LOAD Libraries/STM32F10x_StdPeriph_Driver/src/stm32f10x_usart.o
LOAD Libraries/STM32F10x_StdPeriph_Driver/src/stm32f10x_wwdg.o
LOAD src/coolant_control.o
LOAD src/eeprom.o
LOAD src/gcode.o
LOAD src/jog.o
LOAD src/limits.o
LOAD src/main.o
LOAD src/motion_control.o
LOAD src/nuts_bolts.o
LOAD src/planner.o
LOAD src/print.o
LOAD src/probe.o
LOAD src/protocol.o
LOAD src/report.o
LOAD src/serial.o
LOAD src/settings.o
LOAD src/spindle_control.o
LOAD src/startup_stm32f10x_md.o
LOAD src/stepper.o
LOAD src/system.o
LOAD src/system_stm32f10x.o
LOAD stm_usb_fs_lib/src/usb_core.o
LOAD stm_usb_fs_lib/src/usb_init.o
LOAD stm_usb_fs_lib/src/usb_int.o
LOAD stm_usb_fs_lib/src/usb_mem.o
LOAD stm_usb_fs_lib/src/usb_regs.o
LOAD stm_usb_fs_lib/src/usb_sil.o
LOAD usb/hw_config.o
LOAD usb/usb_desc.o
LOAD usb/usb_endp.o
LOAD usb/usb_istr.o
LOAD usb/usb_prop.o
LOAD usb/usb_pwr.o
LOAD util/stm32f10x_it.o
START GROUP
LOAD /opt/st/stm32cubeide_1.5.0/plugins/com.st.stm32cube.ide.mcu.externaltools.gnu-tools-for-stm32.7-2018-q2-update.linux64_1.5.0.202011040924/tools/bin/../lib/gcc/arm-none-eabi/7.3.1/../../../../arm-none-eabi/lib/thumb/v7-m/libc.a
LOAD /opt/st/stm32cubeide_1.5.0/plugins/com.st.stm32cube.ide.mcu.externaltools.gnu-tools-for-stm32.7-2018-q2-update.linux64_1.5.0.202011040924/tools/bin/../lib/gcc/arm-none-eabi/7.3.1/../../../../arm-none-eabi/lib/thumb/v7-m/libm.a
END GROUP
START GROUP
LOAD /opt/st/stm32cubeide_1.5.0/plugins/com.st.stm32cube.ide.mcu.externaltools.gnu-tools-for-stm32.7-2018-q2-update.linux64_1.5.0.202011040924/tools/bin/../lib/gcc/arm-none-eabi/7.3.1/thumb/v7-m/libgcc.a
LOAD /opt/st/stm32cubeide_1.5.0/plugins/com.st.stm32cube.ide.mcu.externaltools.gnu-tools-for-stm32.7-2018-q2-update.linux64_1.5.0.202011040924/tools/bin/../lib/gcc/arm-none-eabi/7.3.1/../../../../arm-none-eabi/lib/thumb/v7-m/libc.a
END GROUP
START GROUP
LOAD /opt/st/stm32cubeide_1.5.0/plugins/com.st.stm32cube.ide.mcu.externaltools.gnu-tools-for-stm32.7-2018-q2-update.linux64_1.5.0.202011040924/tools/bin/../lib/gcc/arm-none-eabi/7.3.1/thumb/v7-m/libgcc.a
LOAD /opt/st/stm32cubeide_1.5.0/plugins/com.st.stm32cube.ide.mcu.externaltools.gnu-tools-for-stm32.7-2018-q2-update.linux64_1.5.0.202011040924/tools/bin/../lib/gcc/arm-none-eabi/7.3.1/../../../../arm-none-eabi/lib/thumb/v7-m/libc.a
LOAD /opt/st/stm32cubeide_1.5.0/plugins/com.st.stm32cube.ide.mcu.externaltools.gnu-tools-for-stm32.7-2018-q2-update.linux64_1.5.0.202011040924/tools/bin/../lib/gcc/arm-none-eabi/7.3.1/../../../../arm-none-eabi/lib/thumb/v7-m/libnosys.a
END GROUP
LOAD /opt/st/stm32cubeide_1.5.0/plugins/com.st.stm32cube.ide.mcu.externaltools.gnu-tools-for-stm32.7-2018-q2-update.linux64_1.5.0.202011040924/tools/bin/../lib/gcc/arm-none-eabi/7.3.1/thumb/v7-m/crtend.o
LOAD /opt/st/stm32cubeide_1.5.0/plugins/com.st.stm32cube.ide.mcu.externaltools.gnu-tools-for-stm32.7-2018-q2-update.linux64_1.5.0.202011040924/tools/bin/../lib/gcc/arm-none-eabi/7.3.1/thumb/v7-m/crtn.o
                0x0000000020005000                _estack = 0x20005000
                0x0000000000000080                _Min_Heap_Size = 0x80
                0x0000000000000200                _Min_Stack_Size = 0x200

.isr_vector     0x0000000008000000      0x10c
                0x0000000008000000                . = ALIGN (0x4)
 *(.isr_vector)
 .isr_vector    0x0000000008000000      0x10c src/startup_stm32f10x_md.o
                0x0000000008000000                g_pfnVectors
                0x000000000800010c                . = ALIGN (0x4)

.text           0x0000000008000110     0xbf98
                0x0000000008000110                . = ALIGN (0x4)
 *(.text)
 .text          0x0000000008000110       0x40 /opt/st/stm32cubeide_1.5.0/plugins/com.st.stm32cube.ide.mcu.externaltools.gnu-tools-for-stm32.7-2018-q2-update.linux64_1.5.0.202011040924/tools/bin/../lib/gcc/arm-none-eabi/7.3.1/thumb/v7-m/crtbegin.o
 .text          0x0000000008000150      0x378 /opt/st/stm32cubeide_1.5.0/plugins/com.st.stm32cube.ide.mcu.externaltools.gnu-tools-for-stm32.7-2018-q2-update.linux64_1.5.0.202011040924/tools/bin/../lib/gcc/arm-none-eabi/7.3.1/thumb/v7-m/libgcc.a(_arm_addsubdf3.o)
                0x0000000008000150                __aeabi_drsub
                0x0000000008000158                __aeabi_dsub
                0x0000000008000158                __subdf3
                0x000000000800015c                __adddf3
                0x000000000800015c                __aeabi_dadd
                0x00000000080003d4                __aeabi_ui2d
                0x00000000080003d4                __floatunsidf
                0x00000000080003f4                __floatsidf
                0x00000000080003f4                __aeabi_i2d
                0x0000000008000418                __extendsfdf2
                0x0000000008000418                __aeabi_f2d
                0x000000000800045c                __aeabi_ul2d
                0x000000000800045c                __floatundidf
                0x000000000800046c                __floatdidf
                0x000000000800046c                __aeabi_l2d
 .text          0x00000000080004c8      0x424 /opt/st/stm32cubeide_1.5.0/plugins/com.st.stm32cube.ide.mcu.externaltools.gnu-tools-for-stm32.7-2018-q2-update.linux64_1.5.0.202011040924/tools/bin/../lib/gcc/arm-none-eabi/7.3.1/thumb/v7-m/libgcc.a(_arm_muldivdf3.o)
                0x00000000080004c8                __aeabi_dmul
                0x00000000080004c8                __muldf3
                0x000000000800071c                __aeabi_ddiv
                0x000000000800071c                __divdf3
 .text          0x00000000080008ec      0x110 /opt/st/stm32cubeide_1.5.0/plugins/com.st.stm32cube.ide.mcu.externaltools.gnu-tools-for-stm32.7-2018-q2-update.linux64_1.5.0.202011040924/tools/bin/../lib/gcc/arm-none-eabi/7.3.1/thumb/v7-m/libgcc.a(_arm_cmpdf2.o)
                0x00000000080008ec                __gtdf2
                0x00000000080008ec                __gedf2
                0x00000000080008f4                __ltdf2
                0x00000000080008f4                __ledf2
                0x00000000080008fc                __cmpdf2
                0x00000000080008fc                __eqdf2
                0x00000000080008fc                __nedf2
                0x0000000008000978                __aeabi_cdrcmple
                0x0000000008000988                __aeabi_cdcmple
                0x0000000008000988                __aeabi_cdcmpeq
                0x0000000008000998                __aeabi_dcmpeq
                0x00000000080009ac                __aeabi_dcmplt
                0x00000000080009c0                __aeabi_dcmple
                0x00000000080009d4                __aeabi_dcmpge
                0x00000000080009e8                __aeabi_dcmpgt
 .text          0x00000000080009fc       0xa0 /opt/st/stm32cubeide_1.5.0/plugins/com.st.stm32cube.ide.mcu.externaltools.gnu-tools-for-stm32.7-2018-q2-update.linux64_1.5.0.202011040924/tools/bin/../lib/gcc/arm-none-eabi/7.3.1/thumb/v7-m/libgcc.a(_arm_truncdfsf2.o)
                0x00000000080009fc                __aeabi_d2f
                0x00000000080009fc                __truncdfsf2
 .text          0x0000000008000a9c      0x21c /opt/st/stm32cubeide_1.5.0/plugins/com.st.stm32cube.ide.mcu.externaltools.gnu-tools-for-stm32.7-2018-q2-update.linux64_1.5.0.202011040924/tools/bin/../lib/gcc/arm-none-eabi/7.3.1/thumb/v7-m/libgcc.a(_arm_addsubsf3.o)
                0x0000000008000a9c                __aeabi_frsub
                0x0000000008000aa4                __subsf3
                0x0000000008000aa4                __aeabi_fsub
                0x0000000008000aa8                __aeabi_fadd
                0x0000000008000aa8                __addsf3
                0x0000000008000c08                __aeabi_ui2f
                0x0000000008000c08                __floatunsisf
                0x0000000008000c10                __aeabi_i2f
                0x0000000008000c10                __floatsisf
                0x0000000008000c2c                __floatundisf
                0x0000000008000c2c                __aeabi_ul2f
                0x0000000008000c3c                __floatdisf
                0x0000000008000c3c                __aeabi_l2f
 .text          0x0000000008000cb8      0x2a0 /opt/st/stm32cubeide_1.5.0/plugins/com.st.stm32cube.ide.mcu.externaltools.gnu-tools-for-stm32.7-2018-q2-update.linux64_1.5.0.202011040924/tools/bin/../lib/gcc/arm-none-eabi/7.3.1/thumb/v7-m/libgcc.a(_arm_muldivsf3.o)
                0x0000000008000cb8                __mulsf3
                0x0000000008000cb8                __aeabi_fmul
                0x0000000008000e20                __divsf3
                0x0000000008000e20                __aeabi_fdiv
 .text          0x0000000008000f58       0xec /opt/st/stm32cubeide_1.5.0/plugins/com.st.stm32cube.ide.mcu.externaltools.gnu-tools-for-stm32.7-2018-q2-update.linux64_1.5.0.202011040924/tools/bin/../lib/gcc/arm-none-eabi/7.3.1/thumb/v7-m/libgcc.a(_arm_cmpsf2.o)
                0x0000000008000f58                __gtsf2
                0x0000000008000f58                __gesf2
                0x0000000008000f60                __lesf2
                0x0000000008000f60                __ltsf2
                0x0000000008000f68                __nesf2
                0x0000000008000f68                __eqsf2
                0x0000000008000f68                __cmpsf2
                0x0000000008000fc8                __aeabi_cfrcmple
                0x0000000008000fd0                __aeabi_cfcmple
                0x0000000008000fd0                __aeabi_cfcmpeq
                0x0000000008000fe0                __aeabi_fcmpeq
                0x0000000008000ff4                __aeabi_fcmplt
                0x0000000008001008                __aeabi_fcmple
                0x000000000800101c                __aeabi_fcmpge
                0x0000000008001030                __aeabi_fcmpgt
 .text          0x0000000008001044       0x2c /opt/st/stm32cubeide_1.5.0/plugins/com.st.stm32cube.ide.mcu.externaltools.gnu-tools-for-stm32.7-2018-q2-update.linux64_1.5.0.202011040924/tools/bin/../lib/gcc/arm-none-eabi/7.3.1/thumb/v7-m/libgcc.a(_arm_unordsf2.o)
                0x0000000008001044                __aeabi_fcmpun
                0x0000000008001044                __unordsf2
 .text          0x0000000008001070       0x4c /opt/st/stm32cubeide_1.5.0/plugins/com.st.stm32cube.ide.mcu.externaltools.gnu-tools-for-stm32.7-2018-q2-update.linux64_1.5.0.202011040924/tools/bin/../lib/gcc/arm-none-eabi/7.3.1/thumb/v7-m/libgcc.a(_arm_fixsfsi.o)
                0x0000000008001070                __fixsfsi
                0x0000000008001070                __aeabi_f2iz
 .text          0x00000000080010bc       0x40 /opt/st/stm32cubeide_1.5.0/plugins/com.st.stm32cube.ide.mcu.externaltools.gnu-tools-for-stm32.7-2018-q2-update.linux64_1.5.0.202011040924/tools/bin/../lib/gcc/arm-none-eabi/7.3.1/thumb/v7-m/libgcc.a(_arm_fixunssfsi.o)
                0x00000000080010bc                __aeabi_f2uiz
                0x00000000080010bc                __fixunssfsi
 *(.text*)
 .text.NVIC_PriorityGroupConfig
                0x00000000080010fc       0x14 Libraries/STM32F10x_StdPeriph_Driver/src/misc.o
                0x00000000080010fc                NVIC_PriorityGroupConfig
 .text.NVIC_Init
                0x0000000008001110       0x58 Libraries/STM32F10x_StdPeriph_Driver/src/misc.o
                0x0000000008001110                NVIC_Init
 .text.EXTI_Init
                0x0000000008001168       0x7c Libraries/STM32F10x_StdPeriph_Driver/src/stm32f10x_exti.o
                0x0000000008001168                EXTI_Init
 .text.EXTI_GetITStatus
                0x00000000080011e4       0x1c Libraries/STM32F10x_StdPeriph_Driver/src/stm32f10x_exti.o
                0x00000000080011e4                EXTI_GetITStatus
 .text.EXTI_ClearITPendingBit
                0x0000000008001200        0xc Libraries/STM32F10x_StdPeriph_Driver/src/stm32f10x_exti.o
                0x0000000008001200                EXTI_ClearITPendingBit
 .text.FLASH_Unlock
                0x000000000800120c       0x18 Libraries/STM32F10x_StdPeriph_Driver/src/stm32f10x_flash.o
                0x000000000800120c                FLASH_Unlock
 .text.FLASH_ErasePage
                0x0000000008001224       0xd0 Libraries/STM32F10x_StdPeriph_Driver/src/stm32f10x_flash.o
                0x0000000008001224                FLASH_ErasePage
 .text.FLASH_ProgramHalfWord
                0x00000000080012f4       0xc8 Libraries/STM32F10x_StdPeriph_Driver/src/stm32f10x_flash.o
                0x00000000080012f4                FLASH_ProgramHalfWord
 .text.GPIO_Init
                0x00000000080013bc      0x30c Libraries/STM32F10x_StdPeriph_Driver/src/stm32f10x_gpio.o
                0x00000000080013bc                GPIO_Init
 .text.GPIO_ReadInputData
                0x00000000080016c8        0x8 Libraries/STM32F10x_StdPeriph_Driver/src/stm32f10x_gpio.o
                0x00000000080016c8                GPIO_ReadInputData
 .text.GPIO_ReadOutputData
                0x00000000080016d0        0x8 Libraries/STM32F10x_StdPeriph_Driver/src/stm32f10x_gpio.o
                0x00000000080016d0                GPIO_ReadOutputData
 .text.GPIO_SetBits
                0x00000000080016d8        0x4 Libraries/STM32F10x_StdPeriph_Driver/src/stm32f10x_gpio.o
                0x00000000080016d8                GPIO_SetBits
 .text.GPIO_ResetBits
                0x00000000080016dc        0x4 Libraries/STM32F10x_StdPeriph_Driver/src/stm32f10x_gpio.o
                0x00000000080016dc                GPIO_ResetBits
 .text.GPIO_WriteBit
                0x00000000080016e0        0xc Libraries/STM32F10x_StdPeriph_Driver/src/stm32f10x_gpio.o
                0x00000000080016e0                GPIO_WriteBit
 .text.GPIO_PinRemapConfig
                0x00000000080016ec       0x6c Libraries/STM32F10x_StdPeriph_Driver/src/stm32f10x_gpio.o
                0x00000000080016ec                GPIO_PinRemapConfig
 .text.GPIO_EXTILineConfig
                0x0000000008001758       0x30 Libraries/STM32F10x_StdPeriph_Driver/src/stm32f10x_gpio.o
                0x0000000008001758                GPIO_EXTILineConfig
 .text.RCC_USBCLKConfig
                0x0000000008001788        0xc Libraries/STM32F10x_StdPeriph_Driver/src/stm32f10x_rcc.o
                0x0000000008001788                RCC_USBCLKConfig
 .text.RCC_APB2PeriphClockCmd
                0x0000000008001794       0x18 Libraries/STM32F10x_StdPeriph_Driver/src/stm32f10x_rcc.o
                0x0000000008001794                RCC_APB2PeriphClockCmd
 .text.RCC_APB1PeriphClockCmd
                0x00000000080017ac       0x18 Libraries/STM32F10x_StdPeriph_Driver/src/stm32f10x_rcc.o
                0x00000000080017ac                RCC_APB1PeriphClockCmd
 .text.TIM_TimeBaseInit
                0x00000000080017c4       0xac Libraries/STM32F10x_StdPeriph_Driver/src/stm32f10x_tim.o
                0x00000000080017c4                TIM_TimeBaseInit
 .text.TIM_OC1Init
                0x0000000008001870       0x88 Libraries/STM32F10x_StdPeriph_Driver/src/stm32f10x_tim.o
                0x0000000008001870                TIM_OC1Init
 .text.TIM_TimeBaseStructInit
                0x00000000080018f8       0x10 Libraries/STM32F10x_StdPeriph_Driver/src/stm32f10x_tim.o
                0x00000000080018f8                TIM_TimeBaseStructInit
 .text.TIM_Cmd  0x0000000008001908       0x18 Libraries/STM32F10x_StdPeriph_Driver/src/stm32f10x_tim.o
                0x0000000008001908                TIM_Cmd
 .text.TIM_CtrlPWMOutputs
                0x0000000008001920       0x1c Libraries/STM32F10x_StdPeriph_Driver/src/stm32f10x_tim.o
                0x0000000008001920                TIM_CtrlPWMOutputs
 .text.TIM_ITConfig
                0x000000000800193c       0x14 Libraries/STM32F10x_StdPeriph_Driver/src/stm32f10x_tim.o
                0x000000000800193c                TIM_ITConfig
 .text.TIM_OC1PreloadConfig
                0x0000000008001950       0x10 Libraries/STM32F10x_StdPeriph_Driver/src/stm32f10x_tim.o
                0x0000000008001950                TIM_OC1PreloadConfig
 .text.TIM_ClearITPendingBit
                0x0000000008001960        0x8 Libraries/STM32F10x_StdPeriph_Driver/src/stm32f10x_tim.o
                0x0000000008001960                TIM_ClearITPendingBit
 .text.coolant_init
                0x0000000008001968       0x64 src/coolant_control.o
                0x0000000008001968                coolant_init
 .text.coolant_get_state
                0x00000000080019cc       0x24 src/coolant_control.o
                0x00000000080019cc                coolant_get_state
 .text.coolant_stop
                0x00000000080019f0       0x1c src/coolant_control.o
                0x00000000080019f0                coolant_stop
 .text.coolant_set_state
                0x0000000008001a0c       0x48 src/coolant_control.o
                0x0000000008001a0c                coolant_set_state
 .text.coolant_sync
                0x0000000008001a54       0x54 src/coolant_control.o
                0x0000000008001a54                coolant_sync
 .text.eeprom_init
                0x0000000008001aa8       0x3c src/eeprom.o
                0x0000000008001aa8                eeprom_init
 .text.eeprom_get_char
                0x0000000008001ae4        0xc src/eeprom.o
                0x0000000008001ae4                eeprom_get_char
 .text.eeprom_put_char
                0x0000000008001af0        0xc src/eeprom.o
                0x0000000008001af0                eeprom_put_char
 .text.memcpy_to_eeprom_with_checksum
                0x0000000008001afc       0x94 src/eeprom.o
                0x0000000008001afc                memcpy_to_eeprom_with_checksum
 .text.memcpy_from_eeprom_with_checksum
                0x0000000008001b90       0x48 src/eeprom.o
                0x0000000008001b90                memcpy_from_eeprom_with_checksum
 .text.gc_init  0x0000000008001bd8       0x2c src/gcode.o
                0x0000000008001bd8                gc_init
 .text.gc_sync_position
                0x0000000008001c04       0x10 src/gcode.o
                0x0000000008001c04                gc_sync_position
 .text.gc_execute_line
                0x0000000008001c14     0x1308 src/gcode.o
                0x0000000008001c14                gc_execute_line
 .text.jog_execute
                0x0000000008002f1c       0x60 src/jog.o
                0x0000000008002f1c                jog_execute
 .text.limits_init
                0x0000000008002f7c       0xac src/limits.o
                0x0000000008002f7c                limits_init
 .text.limits_disable
                0x0000000008003028       0x10 src/limits.o
                0x0000000008003028                limits_disable
 .text.limits_get_state
                0x0000000008003038       0x58 src/limits.o
                0x0000000008003038                limits_get_state
 .text.EXTI15_10_IRQHandler
                0x0000000008003090       0x88 src/limits.o
                0x0000000008003090                EXTI15_10_IRQHandler
 .text.limits_go_home
                0x0000000008003118      0x3f4 src/limits.o
                0x0000000008003118                limits_go_home
 .text.limits_soft_check
                0x000000000800350c       0x44 src/limits.o
                0x000000000800350c                limits_soft_check
 .text.startup.main
                0x0000000008003550      0x118 src/main.o
                0x0000000008003550                main
 .text._delay_ms
                0x0000000008003668       0x30 src/main.o
                0x0000000008003668                _delay_ms
 .text.LedBlink
                0x0000000008003698       0x28 src/main.o
                0x0000000008003698                LedBlink
 .text.mc_line  0x00000000080036c0       0x68 src/motion_control.o
                0x00000000080036c0                mc_line
 .text.mc_arc   0x0000000008003728      0x3f4 src/motion_control.o
                0x0000000008003728                mc_arc
 .text.mc_dwell
                0x0000000008003b1c       0x24 src/motion_control.o
                0x0000000008003b1c                mc_dwell
 .text.mc_homing_cycle
                0x0000000008003b40       0x4c src/motion_control.o
                0x0000000008003b40                mc_homing_cycle
 .text.mc_probe_cycle
                0x0000000008003b8c      0x124 src/motion_control.o
                0x0000000008003b8c                mc_probe_cycle
 .text.mc_reset
                0x0000000008003cb0       0x64 src/motion_control.o
                0x0000000008003cb0                mc_reset
 .text.read_float
                0x0000000008003d14      0x108 src/nuts_bolts.o
                0x0000000008003d14                read_float
 .text.delay_sec
                0x0000000008003e1c       0x70 src/nuts_bolts.o
                0x0000000008003e1c                delay_sec
 .text.delay_ms
                0x0000000008003e8c       0x20 src/nuts_bolts.o
                0x0000000008003e8c                delay_ms
 .text.hypot_f  0x0000000008003eac       0x24 src/nuts_bolts.o
                0x0000000008003eac                hypot_f
 .text.convert_delta_vector_to_unit_vector
                0x0000000008003ed0       0xc0 src/nuts_bolts.o
                0x0000000008003ed0                convert_delta_vector_to_unit_vector
 .text.limit_value_by_axis_maximum
                0x0000000008003f90       0xac src/nuts_bolts.o
                0x0000000008003f90                limit_value_by_axis_maximum
 .text.planner_recalculate
                0x000000000800403c      0x1d0 src/planner.o
 .text.plan_reset
                0x000000000800420c       0x38 src/planner.o
                0x000000000800420c                plan_reset
 .text.plan_discard_current_block
                0x0000000008004244       0x38 src/planner.o
                0x0000000008004244                plan_discard_current_block
 .text.plan_get_system_motion_block
                0x000000000800427c       0x18 src/planner.o
                0x000000000800427c                plan_get_system_motion_block
 .text.plan_get_current_block
                0x0000000008004294       0x28 src/planner.o
                0x0000000008004294                plan_get_current_block
 .text.plan_get_exec_block_exit_speed_sqr
                0x00000000080042bc       0x34 src/planner.o
                0x00000000080042bc                plan_get_exec_block_exit_speed_sqr
 .text.plan_check_full_buffer
                0x00000000080042f0       0x1c src/planner.o
                0x00000000080042f0                plan_check_full_buffer
 .text.plan_compute_profile_nominal_speed
                0x000000000800430c       0x70 src/planner.o
                0x000000000800430c                plan_compute_profile_nominal_speed
 .text.plan_update_velocity_profile_parameters
                0x000000000800437c       0xf8 src/planner.o
                0x000000000800437c                plan_update_velocity_profile_parameters
 .text.plan_buffer_line
                0x0000000008004474      0x3a4 src/planner.o
                0x0000000008004474                plan_buffer_line
 .text.plan_sync_position
                0x0000000008004818       0x24 src/planner.o
                0x0000000008004818                plan_sync_position
 .text.plan_get_block_buffer_available
                0x000000000800483c       0x24 src/planner.o
                0x000000000800483c                plan_get_block_buffer_available
 .text.plan_cycle_reinitialize
                0x0000000008004860       0x20 src/planner.o
                0x0000000008004860                plan_cycle_reinitialize
 .text.printString
                0x0000000008004880       0x18 src/print.o
                0x0000000008004880                printString
 .text.print_uint8_base10
                0x0000000008004898       0x84 src/print.o
                0x0000000008004898                print_uint8_base10
 .text.printFloat
                0x000000000800491c      0x1e0 src/print.o
                0x000000000800491c                printFloat
 .text.printFloat_CoordValue
                0x0000000008004afc      0x1ec src/print.o
                0x0000000008004afc                printFloat_CoordValue
 .text.printFloat_RateValue
                0x0000000008004ce8      0x144 src/print.o
                0x0000000008004ce8                printFloat_RateValue
 .text.probe_init
                0x0000000008004e2c       0x4c src/probe.o
                0x0000000008004e2c                probe_init
 .text.probe_configure_invert_mask
                0x0000000008004e78       0x28 src/probe.o
                0x0000000008004e78                probe_configure_invert_mask
 .text.probe_get_state
                0x0000000008004ea0       0x20 src/probe.o
                0x0000000008004ea0                probe_get_state
 .text.probe_state_monitor
                0x0000000008004ec0       0x48 src/probe.o
                0x0000000008004ec0                probe_state_monitor
 .text.protocol_auto_cycle_start
                0x0000000008004f08       0x14 src/protocol.o
                0x0000000008004f08                protocol_auto_cycle_start
 .text.protocol_exec_rt_system
                0x0000000008004f1c      0x3cc src/protocol.o
                0x0000000008004f1c                protocol_exec_rt_system
 .text.protocol_exec_rt_suspend
                0x00000000080052e8      0x630 src/protocol.o
 .text.protocol_execute_realtime
                0x0000000008005918      0x3dc src/protocol.o
                0x0000000008005918                protocol_execute_realtime
 .text.protocol_buffer_synchronize
                0x0000000008005cf4      0x448 src/protocol.o
                0x0000000008005cf4                protocol_buffer_synchronize
 .text.protocol_main_loop
                0x000000000800613c      0x178 src/protocol.o
                0x000000000800613c                protocol_main_loop
 .text.report_status_message
                0x00000000080062b4       0x30 src/report.o
                0x00000000080062b4                report_status_message
 .text.report_alarm_message
                0x00000000080062e4       0x2c src/report.o
                0x00000000080062e4                report_alarm_message
 .text.report_feedback_message
                0x0000000008006310       0xbc src/report.o
                0x0000000008006310                report_feedback_message
 .text.report_init_message
                0x00000000080063cc        0xc src/report.o
                0x00000000080063cc                report_init_message
 .text.report_grbl_help
                0x00000000080063d8        0xc src/report.o
                0x00000000080063d8                report_grbl_help
 .text.report_grbl_settings
                0x00000000080063e4      0x590 src/report.o
                0x00000000080063e4                report_grbl_settings
 .text.report_probe_parameters
                0x0000000008006974       0x6c src/report.o
                0x0000000008006974                report_probe_parameters
 .text.report_ngc_parameters
                0x00000000080069e0      0x17c src/report.o
                0x00000000080069e0                report_ngc_parameters
 .text.report_gcode_modes
                0x0000000008006b5c      0x16c src/report.o
                0x0000000008006b5c                report_gcode_modes
 .text.report_startup_line
                0x0000000008006cc8       0x30 src/report.o
                0x0000000008006cc8                report_startup_line
 .text.report_execute_startup_message
                0x0000000008006cf8       0x48 src/report.o
                0x0000000008006cf8                report_execute_startup_message
 .text.report_build_info
                0x0000000008006d40       0x64 src/report.o
                0x0000000008006d40                report_build_info
 .text.report_realtime_status
                0x0000000008006da4      0x3e0 src/report.o
                0x0000000008006da4                report_realtime_status
 .text.serial_get_rx_buffer_available
                0x0000000008007184       0x24 src/serial.o
                0x0000000008007184                serial_get_rx_buffer_available
 .text.serial_init
                0x00000000080071a8        0x4 src/serial.o
                0x00000000080071a8                serial_init
 .text.serial_write
                0x00000000080071ac       0x54 src/serial.o
                0x00000000080071ac                serial_write
 .text.serial_read
                0x0000000008007200       0x30 src/serial.o
                0x0000000008007200                serial_read
 .text.OnUsbDataRx
                0x0000000008007230      0x1a8 src/serial.o
                0x0000000008007230                OnUsbDataRx
 .text.serial_reset_read_buffer
                0x00000000080073d8       0x14 src/serial.o
                0x00000000080073d8                serial_reset_read_buffer
 .text.settings_store_startup_line
                0x00000000080073ec       0x24 src/settings.o
                0x00000000080073ec                settings_store_startup_line
 .text.settings_store_build_info
                0x0000000008007410        0xc src/settings.o
                0x0000000008007410                settings_store_build_info
 .text.settings_write_coord_data
                0x000000000800741c       0x20 src/settings.o
                0x000000000800741c                settings_write_coord_data
 .text.settings_restore
                0x000000000800743c      0x150 src/settings.o
                0x000000000800743c                settings_restore
 .text.settings_read_startup_line
                0x000000000800758c       0x38 src/settings.o
                0x000000000800758c                settings_read_startup_line
 .text.settings_read_build_info
                0x00000000080075c4       0x28 src/settings.o
                0x00000000080075c4                settings_read_build_info
 .text.settings_read_coord_data
                0x00000000080075ec       0x3c src/settings.o
                0x00000000080075ec                settings_read_coord_data
 .text.settings_store_global_setting
                0x0000000008007628      0x2c8 src/settings.o
                0x0000000008007628                settings_store_global_setting
 .text.settings_init
                0x00000000080078f0      0x160 src/settings.o
                0x00000000080078f0                settings_init
 .text.spindle_init
                0x0000000008007a50      0x130 src/spindle_control.o
                0x0000000008007a50                spindle_init
 .text.spindle_get_state
                0x0000000008007b80       0x20 src/spindle_control.o
                0x0000000008007b80                spindle_get_state
 .text.spindle_stop
                0x0000000008007ba0       0x20 src/spindle_control.o
                0x0000000008007ba0                spindle_stop
 .text.spindle_set_speed
                0x0000000008007bc0       0x14 src/spindle_control.o
                0x0000000008007bc0                spindle_set_speed
 .text.spindle_compute_pwm_value
                0x0000000008007bd4       0x90 src/spindle_control.o
                0x0000000008007bd4                spindle_compute_pwm_value
 .text.spindle_set_state
                0x0000000008007c64      0x11c src/spindle_control.o
                0x0000000008007c64                spindle_set_state
 .text.spindle_sync
                0x0000000008007d80      0x120 src/spindle_control.o
                0x0000000008007d80                spindle_sync
 .text.Reset_Handler
                0x0000000008007ea0       0x50 src/startup_stm32f10x_md.o
                0x0000000008007ea0                Reset_Handler
 .text.Default_Handler
                0x0000000008007ef0        0x2 src/startup_stm32f10x_md.o
                0x0000000008007ef0                EXTI2_IRQHandler
                0x0000000008007ef0                TIM1_CC_IRQHandler
                0x0000000008007ef0                SysTick_Handler
                0x0000000008007ef0                PVD_IRQHandler
                0x0000000008007ef0                EXTI3_IRQHandler
                0x0000000008007ef0                EXTI0_IRQHandler
                0x0000000008007ef0                I2C2_EV_IRQHandler
                0x0000000008007ef0                ADC1_2_IRQHandler
                0x0000000008007ef0                SPI1_IRQHandler
                0x0000000008007ef0                TAMPER_IRQHandler
                0x0000000008007ef0                DMA1_Channel4_IRQHandler
                0x0000000008007ef0                USART3_IRQHandler
                0x0000000008007ef0                RTC_IRQHandler
                0x0000000008007ef0                DMA1_Channel7_IRQHandler
                0x0000000008007ef0                CAN1_RX1_IRQHandler
                0x0000000008007ef0                TIM4_IRQHandler
                0x0000000008007ef0                I2C1_EV_IRQHandler
                0x0000000008007ef0                DMA1_Channel6_IRQHandler
                0x0000000008007ef0                RCC_IRQHandler
                0x0000000008007ef0                TIM1_TRG_COM_IRQHandler
                0x0000000008007ef0                DMA1_Channel1_IRQHandler
                0x0000000008007ef0                Default_Handler
                0x0000000008007ef0                SPI2_IRQHandler
                0x0000000008007ef0                DMA1_Channel5_IRQHandler
                0x0000000008007ef0                EXTI4_IRQHandler
                0x0000000008007ef0                USB_HP_CAN1_TX_IRQHandler
                0x0000000008007ef0                DMA1_Channel3_IRQHandler
                0x0000000008007ef0                TIM1_UP_IRQHandler
                0x0000000008007ef0                WWDG_IRQHandler
                0x0000000008007ef0                TIM1_BRK_IRQHandler
                0x0000000008007ef0                EXTI1_IRQHandler
                0x0000000008007ef0                RTCAlarm_IRQHandler
                0x0000000008007ef0                USART2_IRQHandler
                0x0000000008007ef0                I2C2_ER_IRQHandler
                0x0000000008007ef0                DMA1_Channel2_IRQHandler
                0x0000000008007ef0                CAN1_SCE_IRQHandler
                0x0000000008007ef0                FLASH_IRQHandler
                0x0000000008007ef0                USART1_IRQHandler
                0x0000000008007ef0                I2C1_ER_IRQHandler
                0x0000000008007ef0                USBWakeUp_IRQHandler
 *fill*         0x0000000008007ef2        0x2 
 .text.st_wake_up
                0x0000000008007ef4       0x80 src/stepper.o
                0x0000000008007ef4                st_wake_up
 .text.st_go_idle
                0x0000000008007f74       0x7c src/stepper.o
                0x0000000008007f74                st_go_idle
 .text.TIM2_IRQHandler
                0x0000000008007ff0      0x290 src/stepper.o
                0x0000000008007ff0                TIM2_IRQHandler
 .text.TIM3_IRQHandler
                0x0000000008008280       0x40 src/stepper.o
                0x0000000008008280                TIM3_IRQHandler
 .text.st_generate_step_dir_invert_masks
                0x00000000080082c0       0x98 src/stepper.o
                0x00000000080082c0                st_generate_step_dir_invert_masks
 .text.st_reset
                0x0000000008008358      0x180 src/stepper.o
                0x0000000008008358                st_reset
 .text.stepper_init
                0x00000000080084d8      0x164 src/stepper.o
                0x00000000080084d8                stepper_init
 .text.st_update_plan_block_parameters
                0x000000000800863c       0x2c src/stepper.o
                0x000000000800863c                st_update_plan_block_parameters
 .text.st_prep_buffer
                0x0000000008008668      0xc74 src/stepper.o
                0x0000000008008668                st_prep_buffer
 .text.st_get_realtime_rate
                0x00000000080092dc       0x1c src/stepper.o
                0x00000000080092dc                st_get_realtime_rate
 .text.system_init
                0x00000000080092f8       0x88 src/system.o
                0x00000000080092f8                system_init
 .text.system_control_get_state
                0x0000000008009380       0x30 src/system.o
                0x0000000008009380                system_control_get_state
 .text.EXTI9_5_IRQHandler
                0x00000000080093b0       0x5c src/system.o
                0x00000000080093b0                EXTI9_5_IRQHandler
 .text.system_check_safety_door_ajar
                0x000000000800940c        0x4 src/system.o
                0x000000000800940c                system_check_safety_door_ajar
 .text.system_execute_startup
                0x0000000008009410       0x44 src/system.o
                0x0000000008009410                system_execute_startup
 .text.system_execute_line
                0x0000000008009454      0x350 src/system.o
                0x0000000008009454                system_execute_line
 .text.system_flag_wco_change
                0x00000000080097a4       0x14 src/system.o
                0x00000000080097a4                system_flag_wco_change
 .text.system_convert_array_steps_to_mpos
                0x00000000080097b8       0x48 src/system.o
                0x00000000080097b8                system_convert_array_steps_to_mpos
 .text.system_check_travel_limits
                0x0000000008009800       0x74 src/system.o
                0x0000000008009800                system_check_travel_limits
 .text.system_set_exec_state_flag
                0x0000000008009874       0x14 src/system.o
                0x0000000008009874                system_set_exec_state_flag
 .text.system_clear_exec_state_flag
                0x0000000008009888       0x14 src/system.o
                0x0000000008009888                system_clear_exec_state_flag
 .text.system_set_exec_alarm
                0x000000000800989c       0x10 src/system.o
                0x000000000800989c                system_set_exec_alarm
 .text.system_clear_exec_alarm
                0x00000000080098ac       0x10 src/system.o
                0x00000000080098ac                system_clear_exec_alarm
 .text.system_set_exec_motion_override_flag
                0x00000000080098bc       0x14 src/system.o
                0x00000000080098bc                system_set_exec_motion_override_flag
 .text.system_set_exec_accessory_override_flag
                0x00000000080098d0       0x14 src/system.o
                0x00000000080098d0                system_set_exec_accessory_override_flag
 .text.system_clear_exec_motion_overrides
                0x00000000080098e4       0x10 src/system.o
                0x00000000080098e4                system_clear_exec_motion_overrides
 .text.system_clear_exec_accessory_overrides
                0x00000000080098f4       0x10 src/system.o
                0x00000000080098f4                system_clear_exec_accessory_overrides
 .text.SystemInit
                0x0000000008009904      0x104 src/system_stm32f10x.o
                0x0000000008009904                SystemInit
 .text.Standard_GetConfiguration
                0x0000000008009a08       0x28 stm_usb_fs_lib/src/usb_core.o
                0x0000000008009a08                Standard_GetConfiguration
 .text.Standard_GetInterface
                0x0000000008009a30       0x28 stm_usb_fs_lib/src/usb_core.o
                0x0000000008009a30                Standard_GetInterface
 .text.Standard_GetStatus
                0x0000000008009a58       0x8c stm_usb_fs_lib/src/usb_core.o
                0x0000000008009a58                Standard_GetStatus
 .text.DataStageIn
                0x0000000008009ae4       0xb0 stm_usb_fs_lib/src/usb_core.o
 .text.Standard_ClearFeature
                0x0000000008009b94       0xcc stm_usb_fs_lib/src/usb_core.o
                0x0000000008009b94                Standard_ClearFeature
 .text.Standard_SetEndPointFeature
                0x0000000008009c60       0x8c stm_usb_fs_lib/src/usb_core.o
                0x0000000008009c60                Standard_SetEndPointFeature
 .text.Standard_GetDescriptorData
                0x0000000008009cec       0x1c stm_usb_fs_lib/src/usb_core.o
                0x0000000008009cec                Standard_GetDescriptorData
 .text.Setup0_Process
                0x0000000008009d08      0x3e8 stm_usb_fs_lib/src/usb_core.o
                0x0000000008009d08                Setup0_Process
 .text.In0_Process
                0x000000000800a0f0       0xcc stm_usb_fs_lib/src/usb_core.o
                0x000000000800a0f0                In0_Process
 .text.Out0_Process
                0x000000000800a1bc      0x110 stm_usb_fs_lib/src/usb_core.o
                0x000000000800a1bc                Out0_Process
 .text.SetDeviceAddress
                0x000000000800a2cc       0x40 stm_usb_fs_lib/src/usb_core.o
                0x000000000800a2cc                SetDeviceAddress
 .text.NOP_Process
                0x000000000800a30c        0x4 stm_usb_fs_lib/src/usb_core.o
                0x000000000800a30c                NOP_Process
 .text.USB_Init
                0x000000000800a310       0x38 stm_usb_fs_lib/src/usb_init.o
                0x000000000800a310                USB_Init
 .text.CTR_LP   0x000000000800a348      0x184 stm_usb_fs_lib/src/usb_int.o
                0x000000000800a348                CTR_LP
 .text.UserToPMABufferCopy
                0x000000000800a4cc       0x20 stm_usb_fs_lib/src/usb_mem.o
                0x000000000800a4cc                UserToPMABufferCopy
 .text.PMAToUserBufferCopy
                0x000000000800a4ec       0x24 stm_usb_fs_lib/src/usb_mem.o
                0x000000000800a4ec                PMAToUserBufferCopy
 .text.SetBTABLE
                0x000000000800a510       0x10 stm_usb_fs_lib/src/usb_regs.o
                0x000000000800a510                SetBTABLE
 .text.SetEPType
                0x000000000800a520       0x1c stm_usb_fs_lib/src/usb_regs.o
                0x000000000800a520                SetEPType
 .text.SetEPTxStatus
                0x000000000800a53c       0x34 stm_usb_fs_lib/src/usb_regs.o
                0x000000000800a53c                SetEPTxStatus
 .text.SetEPRxStatus
                0x000000000800a570       0x34 stm_usb_fs_lib/src/usb_regs.o
                0x000000000800a570                SetEPRxStatus
 .text.SetEPTxValid
                0x000000000800a5a4       0x28 stm_usb_fs_lib/src/usb_regs.o
                0x000000000800a5a4                SetEPTxValid
 .text.SetEPRxValid
                0x000000000800a5cc       0x28 stm_usb_fs_lib/src/usb_regs.o
                0x000000000800a5cc                SetEPRxValid
 .text.Clear_Status_Out
                0x000000000800a5f4       0x20 stm_usb_fs_lib/src/usb_regs.o
                0x000000000800a5f4                Clear_Status_Out
 .text.ClearDTOG_RX
                0x000000000800a614       0x24 stm_usb_fs_lib/src/usb_regs.o
                0x000000000800a614                ClearDTOG_RX
 .text.ClearDTOG_TX
                0x000000000800a638       0x24 stm_usb_fs_lib/src/usb_regs.o
                0x000000000800a638                ClearDTOG_TX
 .text.SetEPTxAddr
                0x000000000800a65c       0x20 stm_usb_fs_lib/src/usb_regs.o
                0x000000000800a65c                SetEPTxAddr
 .text.SetEPRxAddr
                0x000000000800a67c       0x20 stm_usb_fs_lib/src/usb_regs.o
                0x000000000800a67c                SetEPRxAddr
 .text.GetEPTxAddr
                0x000000000800a69c       0x1c stm_usb_fs_lib/src/usb_regs.o
                0x000000000800a69c                GetEPTxAddr
 .text.GetEPRxAddr
                0x000000000800a6b8       0x1c stm_usb_fs_lib/src/usb_regs.o
                0x000000000800a6b8                GetEPRxAddr
 .text.SetEPTxCount
                0x000000000800a6d4       0x1c stm_usb_fs_lib/src/usb_regs.o
                0x000000000800a6d4                SetEPTxCount
 .text.SetEPRxCount
                0x000000000800a6f0       0x44 stm_usb_fs_lib/src/usb_regs.o
                0x000000000800a6f0                SetEPRxCount
 .text.GetEPRxCount
                0x000000000800a734       0x20 stm_usb_fs_lib/src/usb_regs.o
                0x000000000800a734                GetEPRxCount
 .text.ByteSwap
                0x000000000800a754        0xc stm_usb_fs_lib/src/usb_regs.o
                0x000000000800a754                ByteSwap
 .text.USB_SIL_Init
                0x000000000800a760       0x24 stm_usb_fs_lib/src/usb_sil.o
                0x000000000800a760                USB_SIL_Init
 .text.USB_SIL_Read
                0x000000000800a784       0x24 stm_usb_fs_lib/src/usb_sil.o
                0x000000000800a784                USB_SIL_Read
 .text.Set_USBClock
                0x000000000800a7a8       0x18 usb/hw_config.o
                0x000000000800a7a8                Set_USBClock
 .text.USB_Interrupts_Config
                0x000000000800a7c0       0x24 usb/hw_config.o
                0x000000000800a7c0                USB_Interrupts_Config
 .text.USB_Cable_Config
                0x000000000800a7e4        0x4 usb/hw_config.o
                0x000000000800a7e4                USB_Cable_Config
 .text.Get_SerialNum
                0x000000000800a7e8      0x120 usb/hw_config.o
                0x000000000800a7e8                Get_SerialNum
 .text.EP3_OUT_Callback
                0x000000000800a908       0x24 usb/usb_endp.o
                0x000000000800a908                EP3_OUT_Callback
 .text.EP1_IN_Callback
                0x000000000800a92c       0xc0 usb/usb_endp.o
                0x000000000800a92c                EP1_IN_Callback
 .text.SOF_Callback
                0x000000000800a9ec       0xcc usb/usb_endp.o
                0x000000000800a9ec                SOF_Callback
 .text.USB_Istr
                0x000000000800aab8       0x80 usb/usb_istr.o
                0x000000000800aab8                USB_Istr
 .text.Virtual_Com_Port_SetConfiguration
                0x000000000800ab38       0x18 usb/usb_prop.o
                0x000000000800ab38                Virtual_Com_Port_SetConfiguration
 .text.Virtual_Com_Port_SetDeviceAddress
                0x000000000800ab50        0xc usb/usb_prop.o
                0x000000000800ab50                Virtual_Com_Port_SetDeviceAddress
 .text.Virtual_Com_Port_Status_In
                0x000000000800ab5c       0x14 usb/usb_prop.o
                0x000000000800ab5c                Virtual_Com_Port_Status_In
 .text.Virtual_Com_Port_Status_Out
                0x000000000800ab70        0x4 usb/usb_prop.o
                0x000000000800ab70                Virtual_Com_Port_Status_Out
 .text.Virtual_Com_Port_Data_Setup
                0x000000000800ab74       0x5c usb/usb_prop.o
                0x000000000800ab74                Virtual_Com_Port_Data_Setup
 .text.Virtual_Com_Port_NoData_Setup
                0x000000000800abd0       0x24 usb/usb_prop.o
                0x000000000800abd0                Virtual_Com_Port_NoData_Setup
 .text.Virtual_Com_Port_Get_Interface_Setting
                0x000000000800abf4       0x10 usb/usb_prop.o
                0x000000000800abf4                Virtual_Com_Port_Get_Interface_Setting
 .text.Virtual_Com_Port_GetLineCoding
                0x000000000800ac04       0x18 usb/usb_prop.o
                0x000000000800ac04                Virtual_Com_Port_GetLineCoding
 .text.Virtual_Com_Port_init
                0x000000000800ac1c       0x24 usb/usb_prop.o
                0x000000000800ac1c                Virtual_Com_Port_init
 .text.Virtual_Com_Port_Reset
                0x000000000800ac40       0xe0 usb/usb_prop.o
                0x000000000800ac40                Virtual_Com_Port_Reset
 .text.Virtual_Com_Port_GetDeviceDescriptor
                0x000000000800ad20        0xc usb/usb_prop.o
                0x000000000800ad20                Virtual_Com_Port_GetDeviceDescriptor
 .text.Virtual_Com_Port_GetConfigDescriptor
                0x000000000800ad2c        0xc usb/usb_prop.o
                0x000000000800ad2c                Virtual_Com_Port_GetConfigDescriptor
 .text.Virtual_Com_Port_GetStringDescriptor
                0x000000000800ad38       0x20 usb/usb_prop.o
                0x000000000800ad38                Virtual_Com_Port_GetStringDescriptor
 .text.Virtual_Com_Port_SetLineCoding
                0x000000000800ad58       0x18 usb/usb_prop.o
                0x000000000800ad58                Virtual_Com_Port_SetLineCoding
 .text.PowerOn  0x000000000800ad70       0x30 usb/usb_pwr.o
                0x000000000800ad70                PowerOn
 .text.NMI_Handler
                0x000000000800ada0        0x4 util/stm32f10x_it.o
                0x000000000800ada0                NMI_Handler
 .text.HardFault_Handler
                0x000000000800ada4        0x4 util/stm32f10x_it.o
                0x000000000800ada4                HardFault_Handler
 .text.MemManage_Handler
                0x000000000800ada8        0x4 util/stm32f10x_it.o
                0x000000000800ada8                MemManage_Handler
 .text.BusFault_Handler
                0x000000000800adac        0x4 util/stm32f10x_it.o
                0x000000000800adac                BusFault_Handler
 .text.UsageFault_Handler
                0x000000000800adb0        0x4 util/stm32f10x_it.o
                0x000000000800adb0                UsageFault_Handler
 .text.SVC_Handler
                0x000000000800adb4        0x4 util/stm32f10x_it.o
                0x000000000800adb4                SVC_Handler
 .text.DebugMon_Handler
                0x000000000800adb8        0x4 util/stm32f10x_it.o
                0x000000000800adb8                DebugMon_Handler
 .text.PendSV_Handler
                0x000000000800adbc        0x4 util/stm32f10x_it.o
                0x000000000800adbc                PendSV_Handler
 .text.USB_LP_CAN1_RX0_IRQHandler
                0x000000000800adc0        0x4 util/stm32f10x_it.o
                0x000000000800adc0                USB_LP_CAN1_RX0_IRQHandler
 .text.__libc_init_array
                0x000000000800adc4       0x48 /opt/st/stm32cubeide_1.5.0/plugins/com.st.stm32cube.ide.mcu.externaltools.gnu-tools-for-stm32.7-2018-q2-update.linux64_1.5.0.202011040924/tools/bin/../lib/gcc/arm-none-eabi/7.3.1/../../../../arm-none-eabi/lib/thumb/v7-m/libc.a(lib_a-init.o)
                0x000000000800adc4                __libc_init_array
 .text.memcmp   0x000000000800ae0c       0x1e /opt/st/stm32cubeide_1.5.0/plugins/com.st.stm32cube.ide.mcu.externaltools.gnu-tools-for-stm32.7-2018-q2-update.linux64_1.5.0.202011040924/tools/bin/../lib/gcc/arm-none-eabi/7.3.1/../../../../arm-none-eabi/lib/thumb/v7-m/libc.a(lib_a-memcmp.o)
                0x000000000800ae0c                memcmp
 .text.memset   0x000000000800ae2a       0x10 /opt/st/stm32cubeide_1.5.0/plugins/com.st.stm32cube.ide.mcu.externaltools.gnu-tools-for-stm32.7-2018-q2-update.linux64_1.5.0.202011040924/tools/bin/../lib/gcc/arm-none-eabi/7.3.1/../../../../arm-none-eabi/lib/thumb/v7-m/libc.a(lib_a-memset.o)
                0x000000000800ae2a                memset
 *fill*         0x000000000800ae3a        0x2 
 .text.startup.register_fini
                0x000000000800ae3c       0x14 /opt/st/stm32cubeide_1.5.0/plugins/com.st.stm32cube.ide.mcu.externaltools.gnu-tools-for-stm32.7-2018-q2-update.linux64_1.5.0.202011040924/tools/bin/../lib/gcc/arm-none-eabi/7.3.1/../../../../arm-none-eabi/lib/thumb/v7-m/libc.a(lib_a-__call_atexit.o)
 .text.atexit   0x000000000800ae50        0xc /opt/st/stm32cubeide_1.5.0/plugins/com.st.stm32cube.ide.mcu.externaltools.gnu-tools-for-stm32.7-2018-q2-update.linux64_1.5.0.202011040924/tools/bin/../lib/gcc/arm-none-eabi/7.3.1/../../../../arm-none-eabi/lib/thumb/v7-m/libc.a(lib_a-atexit.o)
                0x000000000800ae50                atexit
 .text.__libc_fini_array
                0x000000000800ae5c       0x28 /opt/st/stm32cubeide_1.5.0/plugins/com.st.stm32cube.ide.mcu.externaltools.gnu-tools-for-stm32.7-2018-q2-update.linux64_1.5.0.202011040924/tools/bin/../lib/gcc/arm-none-eabi/7.3.1/../../../../arm-none-eabi/lib/thumb/v7-m/libc.a(lib_a-fini.o)
                0x000000000800ae5c                __libc_fini_array
 .text.__retarget_lock_acquire_recursive
                0x000000000800ae84        0x2 /opt/st/stm32cubeide_1.5.0/plugins/com.st.stm32cube.ide.mcu.externaltools.gnu-tools-for-stm32.7-2018-q2-update.linux64_1.5.0.202011040924/tools/bin/../lib/gcc/arm-none-eabi/7.3.1/../../../../arm-none-eabi/lib/thumb/v7-m/libc.a(lib_a-lock.o)
                0x000000000800ae84                __retarget_lock_acquire_recursive
 .text.__retarget_lock_release_recursive
                0x000000000800ae86        0x2 /opt/st/stm32cubeide_1.5.0/plugins/com.st.stm32cube.ide.mcu.externaltools.gnu-tools-for-stm32.7-2018-q2-update.linux64_1.5.0.202011040924/tools/bin/../lib/gcc/arm-none-eabi/7.3.1/../../../../arm-none-eabi/lib/thumb/v7-m/libc.a(lib_a-lock.o)
                0x000000000800ae86                __retarget_lock_release_recursive
 .text.__register_exitproc
                0x000000000800ae88       0xac /opt/st/stm32cubeide_1.5.0/plugins/com.st.stm32cube.ide.mcu.externaltools.gnu-tools-for-stm32.7-2018-q2-update.linux64_1.5.0.202011040924/tools/bin/../lib/gcc/arm-none-eabi/7.3.1/../../../../arm-none-eabi/lib/thumb/v7-m/libc.a(lib_a-__atexit.o)
                0x000000000800ae88                __register_exitproc
 .text.ceilf    0x000000000800af34       0x80 /opt/st/stm32cubeide_1.5.0/plugins/com.st.stm32cube.ide.mcu.externaltools.gnu-tools-for-stm32.7-2018-q2-update.linux64_1.5.0.202011040924/tools/bin/../lib/gcc/arm-none-eabi/7.3.1/../../../../arm-none-eabi/lib/thumb/v7-m/libm.a(lib_a-sf_ceil.o)
                0x000000000800af34                ceilf
 .text.cosf     0x000000000800afb4       0x68 /opt/st/stm32cubeide_1.5.0/plugins/com.st.stm32cube.ide.mcu.externaltools.gnu-tools-for-stm32.7-2018-q2-update.linux64_1.5.0.202011040924/tools/bin/../lib/gcc/arm-none-eabi/7.3.1/../../../../arm-none-eabi/lib/thumb/v7-m/libm.a(lib_a-sf_cos.o)
                0x000000000800afb4                cosf
 .text.floorf   0x000000000800b01c       0x80 /opt/st/stm32cubeide_1.5.0/plugins/com.st.stm32cube.ide.mcu.externaltools.gnu-tools-for-stm32.7-2018-q2-update.linux64_1.5.0.202011040924/tools/bin/../lib/gcc/arm-none-eabi/7.3.1/../../../../arm-none-eabi/lib/thumb/v7-m/libm.a(lib_a-sf_floor.o)
                0x000000000800b01c                floorf
 .text.lroundf  0x000000000800b09c       0x58 /opt/st/stm32cubeide_1.5.0/plugins/com.st.stm32cube.ide.mcu.externaltools.gnu-tools-for-stm32.7-2018-q2-update.linux64_1.5.0.202011040924/tools/bin/../lib/gcc/arm-none-eabi/7.3.1/../../../../arm-none-eabi/lib/thumb/v7-m/libm.a(lib_a-sf_lround.o)
                0x000000000800b09c                lroundf
 .text.sinf     0x000000000800b0f4       0x6c /opt/st/stm32cubeide_1.5.0/plugins/com.st.stm32cube.ide.mcu.externaltools.gnu-tools-for-stm32.7-2018-q2-update.linux64_1.5.0.202011040924/tools/bin/../lib/gcc/arm-none-eabi/7.3.1/../../../../arm-none-eabi/lib/thumb/v7-m/libm.a(lib_a-sf_sin.o)
                0x000000000800b0f4                sinf
 .text.truncf   0x000000000800b160       0x24 /opt/st/stm32cubeide_1.5.0/plugins/com.st.stm32cube.ide.mcu.externaltools.gnu-tools-for-stm32.7-2018-q2-update.linux64_1.5.0.202011040924/tools/bin/../lib/gcc/arm-none-eabi/7.3.1/../../../../arm-none-eabi/lib/thumb/v7-m/libm.a(lib_a-sf_trunc.o)
                0x000000000800b160                truncf
 .text.atan2f   0x000000000800b184        0x4 /opt/st/stm32cubeide_1.5.0/plugins/com.st.stm32cube.ide.mcu.externaltools.gnu-tools-for-stm32.7-2018-q2-update.linux64_1.5.0.202011040924/tools/bin/../lib/gcc/arm-none-eabi/7.3.1/../../../../arm-none-eabi/lib/thumb/v7-m/libm.a(lib_a-wf_atan2.o)
                0x000000000800b184                atan2f
 .text.sqrtf    0x000000000800b188       0x94 /opt/st/stm32cubeide_1.5.0/plugins/com.st.stm32cube.ide.mcu.externaltools.gnu-tools-for-stm32.7-2018-q2-update.linux64_1.5.0.202011040924/tools/bin/../lib/gcc/arm-none-eabi/7.3.1/../../../../arm-none-eabi/lib/thumb/v7-m/libm.a(lib_a-wf_sqrt.o)
                0x000000000800b188                sqrtf
 .text.__ieee754_atan2f
                0x000000000800b21c      0x120 /opt/st/stm32cubeide_1.5.0/plugins/com.st.stm32cube.ide.mcu.externaltools.gnu-tools-for-stm32.7-2018-q2-update.linux64_1.5.0.202011040924/tools/bin/../lib/gcc/arm-none-eabi/7.3.1/../../../../arm-none-eabi/lib/thumb/v7-m/libm.a(lib_a-ef_atan2.o)
                0x000000000800b21c                __ieee754_atan2f
 .text.__ieee754_rem_pio2f
                0x000000000800b33c      0x2b0 /opt/st/stm32cubeide_1.5.0/plugins/com.st.stm32cube.ide.mcu.externaltools.gnu-tools-for-stm32.7-2018-q2-update.linux64_1.5.0.202011040924/tools/bin/../lib/gcc/arm-none-eabi/7.3.1/../../../../arm-none-eabi/lib/thumb/v7-m/libm.a(lib_a-ef_rem_pio2.o)
                0x000000000800b33c                __ieee754_rem_pio2f
 .text.__ieee754_sqrtf
                0x000000000800b5ec       0xa6 /opt/st/stm32cubeide_1.5.0/plugins/com.st.stm32cube.ide.mcu.externaltools.gnu-tools-for-stm32.7-2018-q2-update.linux64_1.5.0.202011040924/tools/bin/../lib/gcc/arm-none-eabi/7.3.1/../../../../arm-none-eabi/lib/thumb/v7-m/libm.a(lib_a-ef_sqrt.o)
                0x000000000800b5ec                __ieee754_sqrtf
 *fill*         0x000000000800b692        0x2 
 .text.__kernel_cosf
                0x000000000800b694      0x100 /opt/st/stm32cubeide_1.5.0/plugins/com.st.stm32cube.ide.mcu.externaltools.gnu-tools-for-stm32.7-2018-q2-update.linux64_1.5.0.202011040924/tools/bin/../lib/gcc/arm-none-eabi/7.3.1/../../../../arm-none-eabi/lib/thumb/v7-m/libm.a(lib_a-kf_cos.o)
                0x000000000800b694                __kernel_cosf
 .text.__kernel_rem_pio2f
                0x000000000800b794      0x53c /opt/st/stm32cubeide_1.5.0/plugins/com.st.stm32cube.ide.mcu.externaltools.gnu-tools-for-stm32.7-2018-q2-update.linux64_1.5.0.202011040924/tools/bin/../lib/gcc/arm-none-eabi/7.3.1/../../../../arm-none-eabi/lib/thumb/v7-m/libm.a(lib_a-kf_rem_pio2.o)
                0x000000000800b794                __kernel_rem_pio2f
 .text.__kernel_sinf
                0x000000000800bcd0       0xec /opt/st/stm32cubeide_1.5.0/plugins/com.st.stm32cube.ide.mcu.externaltools.gnu-tools-for-stm32.7-2018-q2-update.linux64_1.5.0.202011040924/tools/bin/../lib/gcc/arm-none-eabi/7.3.1/../../../../arm-none-eabi/lib/thumb/v7-m/libm.a(lib_a-kf_sin.o)
                0x000000000800bcd0                __kernel_sinf
 .text.matherr  0x000000000800bdbc        0x4 /opt/st/stm32cubeide_1.5.0/plugins/com.st.stm32cube.ide.mcu.externaltools.gnu-tools-for-stm32.7-2018-q2-update.linux64_1.5.0.202011040924/tools/bin/../lib/gcc/arm-none-eabi/7.3.1/../../../../arm-none-eabi/lib/thumb/v7-m/libm.a(lib_a-s_matherr.o)
                0x000000000800bdbc                matherr
 .text.atanf    0x000000000800bdc0      0x218 /opt/st/stm32cubeide_1.5.0/plugins/com.st.stm32cube.ide.mcu.externaltools.gnu-tools-for-stm32.7-2018-q2-update.linux64_1.5.0.202011040924/tools/bin/../lib/gcc/arm-none-eabi/7.3.1/../../../../arm-none-eabi/lib/thumb/v7-m/libm.a(lib_a-sf_atan.o)
                0x000000000800bdc0                atanf
 .text.fabsf    0x000000000800bfd8        0x6 /opt/st/stm32cubeide_1.5.0/plugins/com.st.stm32cube.ide.mcu.externaltools.gnu-tools-for-stm32.7-2018-q2-update.linux64_1.5.0.202011040924/tools/bin/../lib/gcc/arm-none-eabi/7.3.1/../../../../arm-none-eabi/lib/thumb/v7-m/libm.a(lib_a-sf_fabs.o)
                0x000000000800bfd8                fabsf
 *fill*         0x000000000800bfde        0x2 
 .text.scalbnf  0x000000000800bfe0       0x98 /opt/st/stm32cubeide_1.5.0/plugins/com.st.stm32cube.ide.mcu.externaltools.gnu-tools-for-stm32.7-2018-q2-update.linux64_1.5.0.202011040924/tools/bin/../lib/gcc/arm-none-eabi/7.3.1/../../../../arm-none-eabi/lib/thumb/v7-m/libm.a(lib_a-sf_scalbn.o)
                0x000000000800bfe0                scalbnf
 .text.copysignf
                0x000000000800c078        0xc /opt/st/stm32cubeide_1.5.0/plugins/com.st.stm32cube.ide.mcu.externaltools.gnu-tools-for-stm32.7-2018-q2-update.linux64_1.5.0.202011040924/tools/bin/../lib/gcc/arm-none-eabi/7.3.1/../../../../arm-none-eabi/lib/thumb/v7-m/libm.a(lib_a-sf_copysign.o)
                0x000000000800c078                copysignf
 .text.__errno  0x000000000800c084        0xc /opt/st/stm32cubeide_1.5.0/plugins/com.st.stm32cube.ide.mcu.externaltools.gnu-tools-for-stm32.7-2018-q2-update.linux64_1.5.0.202011040924/tools/bin/../lib/gcc/arm-none-eabi/7.3.1/../../../../arm-none-eabi/lib/thumb/v7-m/libc.a(lib_a-errno.o)
                0x000000000800c084                __errno
 *(.glue_7)
 .glue_7        0x000000000800c090        0x0 linker stubs
 *(.glue_7t)
 .glue_7t       0x000000000800c090        0x0 linker stubs
 *(.eh_frame)
 .eh_frame      0x000000000800c090        0x0 /opt/st/stm32cubeide_1.5.0/plugins/com.st.stm32cube.ide.mcu.externaltools.gnu-tools-for-stm32.7-2018-q2-update.linux64_1.5.0.202011040924/tools/bin/../lib/gcc/arm-none-eabi/7.3.1/thumb/v7-m/crtbegin.o
 *(.init)
 .init          0x000000000800c090        0x4 /opt/st/stm32cubeide_1.5.0/plugins/com.st.stm32cube.ide.mcu.externaltools.gnu-tools-for-stm32.7-2018-q2-update.linux64_1.5.0.202011040924/tools/bin/../lib/gcc/arm-none-eabi/7.3.1/thumb/v7-m/crti.o
                0x000000000800c090                _init
 .init          0x000000000800c094        0x8 /opt/st/stm32cubeide_1.5.0/plugins/com.st.stm32cube.ide.mcu.externaltools.gnu-tools-for-stm32.7-2018-q2-update.linux64_1.5.0.202011040924/tools/bin/../lib/gcc/arm-none-eabi/7.3.1/thumb/v7-m/crtn.o
 *(.fini)
 .fini          0x000000000800c09c        0x4 /opt/st/stm32cubeide_1.5.0/plugins/com.st.stm32cube.ide.mcu.externaltools.gnu-tools-for-stm32.7-2018-q2-update.linux64_1.5.0.202011040924/tools/bin/../lib/gcc/arm-none-eabi/7.3.1/thumb/v7-m/crti.o
                0x000000000800c09c                _fini
 .fini          0x000000000800c0a0        0x8 /opt/st/stm32cubeide_1.5.0/plugins/com.st.stm32cube.ide.mcu.externaltools.gnu-tools-for-stm32.7-2018-q2-update.linux64_1.5.0.202011040924/tools/bin/../lib/gcc/arm-none-eabi/7.3.1/thumb/v7-m/crtn.o
                0x000000000800c0a8                . = ALIGN (0x4)
                0x000000000800c0a8                _etext = .

.vfp11_veneer   0x000000000800c0a8        0x0
 .vfp11_veneer  0x000000000800c0a8        0x0 linker stubs

.v4_bx          0x000000000800c0a8        0x0
 .v4_bx         0x000000000800c0a8        0x0 linker stubs

.iplt           0x000000000800c0a8        0x0
 .iplt          0x000000000800c0a8        0x0 /opt/st/stm32cubeide_1.5.0/plugins/com.st.stm32cube.ide.mcu.externaltools.gnu-tools-for-stm32.7-2018-q2-update.linux64_1.5.0.202011040924/tools/bin/../lib/gcc/arm-none-eabi/7.3.1/thumb/v7-m/crtbegin.o

.rodata         0x000000000800c0a8      0x6bc
                0x000000000800c0a8                . = ALIGN (0x4)
 *(.rodata)
 *(.rodata*)
 .rodata.report_alarm_message.str1.4
                0x000000000800c0a8        0x7 src/report.o
 *fill*         0x000000000800c0af        0x1 
 .rodata.report_build_info.str1.4
                0x000000000800c0b0       0x1a src/report.o
 *fill*         0x000000000800c0ca        0x2 
 .rodata.report_feedback_message.str1.4
                0x000000000800c0cc       0xad src/report.o
 *fill*         0x000000000800c179        0x3 
 .rodata.report_gcode_modes.str1.4
                0x000000000800c17c       0x1f src/report.o
 *fill*         0x000000000800c19b        0x1 
 .rodata.report_grbl_help.str1.4
                0x000000000800c19c       0x4a src/report.o
 *fill*         0x000000000800c1e6        0x2 
 .rodata.report_init_message.str1.4
                0x000000000800c1e8       0x1d src/report.o
 *fill*         0x000000000800c205        0x3 
 .rodata.report_ngc_parameters.str1.4
                0x000000000800c208       0x1a src/report.o
 *fill*         0x000000000800c222        0x2 
 .rodata.report_probe_parameters.str1.4
                0x000000000800c224        0x6 src/report.o
 *fill*         0x000000000800c22a        0x2 
 .rodata.report_realtime_status.str1.4
                0x000000000800c22c       0x7b src/report.o
 *fill*         0x000000000800c2a7        0x1 
 .rodata.report_startup_line.str1.4
                0x000000000800c2a8        0x3 src/report.o
 *fill*         0x000000000800c2ab        0x1 
 .rodata.report_status_message.str1.4
                0x000000000800c2ac       0x14 src/report.o
                                         0x13 (size before relaxing)
 .rodata.direction_pin_mask
                0x000000000800c2c0        0x8 src/stepper.o
                0x000000000800c2c0                direction_pin_mask
 .rodata.limit_pin_mask
                0x000000000800c2c8        0x8 src/stepper.o
                0x000000000800c2c8                limit_pin_mask
 .rodata.step_pin_mask
                0x000000000800c2d0        0x8 src/stepper.o
                0x000000000800c2d0                step_pin_mask
 .rodata.Virtual_Com_Port_ConfigDescriptor
                0x000000000800c2d8       0x43 usb/usb_desc.o
                0x000000000800c2d8                Virtual_Com_Port_ConfigDescriptor
 *fill*         0x000000000800c31b        0x1 
 .rodata.Virtual_Com_Port_DeviceDescriptor
                0x000000000800c31c       0x12 usb/usb_desc.o
                0x000000000800c31c                Virtual_Com_Port_DeviceDescriptor
 *fill*         0x000000000800c32e        0x2 
 .rodata.Virtual_Com_Port_StringLangID
                0x000000000800c330        0x4 usb/usb_desc.o
                0x000000000800c330                Virtual_Com_Port_StringLangID
 .rodata.Virtual_Com_Port_StringProduct
                0x000000000800c334       0x1c usb/usb_desc.o
                0x000000000800c334                Virtual_Com_Port_StringProduct
 .rodata.Virtual_Com_Port_StringVendor
                0x000000000800c350       0x16 usb/usb_desc.o
                0x000000000800c350                Virtual_Com_Port_StringVendor
 *fill*         0x000000000800c366        0x2 
 .rodata._global_impure_ptr
                0x000000000800c368        0x4 /opt/st/stm32cubeide_1.5.0/plugins/com.st.stm32cube.ide.mcu.externaltools.gnu-tools-for-stm32.7-2018-q2-update.linux64_1.5.0.202011040924/tools/bin/../lib/gcc/arm-none-eabi/7.3.1/../../../../arm-none-eabi/lib/thumb/v7-m/libc.a(lib_a-impure.o)
                0x000000000800c368                _global_impure_ptr
 .rodata.sqrtf.str1.1
                0x000000000800c36c        0x6 /opt/st/stm32cubeide_1.5.0/plugins/com.st.stm32cube.ide.mcu.externaltools.gnu-tools-for-stm32.7-2018-q2-update.linux64_1.5.0.202011040924/tools/bin/../lib/gcc/arm-none-eabi/7.3.1/../../../../arm-none-eabi/lib/thumb/v7-m/libm.a(lib_a-wf_sqrt.o)
 *fill*         0x000000000800c372        0x2 
 .rodata.npio2_hw
                0x000000000800c374       0x80 /opt/st/stm32cubeide_1.5.0/plugins/com.st.stm32cube.ide.mcu.externaltools.gnu-tools-for-stm32.7-2018-q2-update.linux64_1.5.0.202011040924/tools/bin/../lib/gcc/arm-none-eabi/7.3.1/../../../../arm-none-eabi/lib/thumb/v7-m/libm.a(lib_a-ef_rem_pio2.o)
 .rodata.two_over_pi
                0x000000000800c3f4      0x318 /opt/st/stm32cubeide_1.5.0/plugins/com.st.stm32cube.ide.mcu.externaltools.gnu-tools-for-stm32.7-2018-q2-update.linux64_1.5.0.202011040924/tools/bin/../lib/gcc/arm-none-eabi/7.3.1/../../../../arm-none-eabi/lib/thumb/v7-m/libm.a(lib_a-ef_rem_pio2.o)
 .rodata.PIo2   0x000000000800c70c       0x2c /opt/st/stm32cubeide_1.5.0/plugins/com.st.stm32cube.ide.mcu.externaltools.gnu-tools-for-stm32.7-2018-q2-update.linux64_1.5.0.202011040924/tools/bin/../lib/gcc/arm-none-eabi/7.3.1/../../../../arm-none-eabi/lib/thumb/v7-m/libm.a(lib_a-kf_rem_pio2.o)
 .rodata.init_jk
                0x000000000800c738        0xc /opt/st/stm32cubeide_1.5.0/plugins/com.st.stm32cube.ide.mcu.externaltools.gnu-tools-for-stm32.7-2018-q2-update.linux64_1.5.0.202011040924/tools/bin/../lib/gcc/arm-none-eabi/7.3.1/../../../../arm-none-eabi/lib/thumb/v7-m/libm.a(lib_a-kf_rem_pio2.o)
 .rodata.atanhi
                0x000000000800c744       0x10 /opt/st/stm32cubeide_1.5.0/plugins/com.st.stm32cube.ide.mcu.externaltools.gnu-tools-for-stm32.7-2018-q2-update.linux64_1.5.0.202011040924/tools/bin/../lib/gcc/arm-none-eabi/7.3.1/../../../../arm-none-eabi/lib/thumb/v7-m/libm.a(lib_a-sf_atan.o)
 .rodata.atanlo
                0x000000000800c754       0x10 /opt/st/stm32cubeide_1.5.0/plugins/com.st.stm32cube.ide.mcu.externaltools.gnu-tools-for-stm32.7-2018-q2-update.linux64_1.5.0.202011040924/tools/bin/../lib/gcc/arm-none-eabi/7.3.1/../../../../arm-none-eabi/lib/thumb/v7-m/libm.a(lib_a-sf_atan.o)
                0x000000000800c764                . = ALIGN (0x4)

.rel.dyn        0x000000000800c764        0x0
 .rel.iplt      0x000000000800c764        0x0 /opt/st/stm32cubeide_1.5.0/plugins/com.st.stm32cube.ide.mcu.externaltools.gnu-tools-for-stm32.7-2018-q2-update.linux64_1.5.0.202011040924/tools/bin/../lib/gcc/arm-none-eabi/7.3.1/thumb/v7-m/crtbegin.o

.ARM.extab
 *(.ARM.extab* .gnu.linkonce.armextab.*)

.ARM            0x000000000800c764        0x0
                0x000000000800c764                __exidx_start = .
 *(.ARM.exidx*)
                0x000000000800c764                __exidx_end = .

.preinit_array  0x000000000800c764        0x0
                0x000000000800c764                PROVIDE (__preinit_array_start = .)
 *(.preinit_array*)
                0x000000000800c764                PROVIDE (__preinit_array_end = .)

.init_array     0x000000000800c764        0x8
                0x000000000800c764                PROVIDE (__init_array_start = .)
 *(SORT_BY_NAME(.init_array.*))
 .init_array.00000
                0x000000000800c764        0x4 /opt/st/stm32cubeide_1.5.0/plugins/com.st.stm32cube.ide.mcu.externaltools.gnu-tools-for-stm32.7-2018-q2-update.linux64_1.5.0.202011040924/tools/bin/../lib/gcc/arm-none-eabi/7.3.1/../../../../arm-none-eabi/lib/thumb/v7-m/libc.a(lib_a-__call_atexit.o)
 *(.init_array*)
 .init_array    0x000000000800c768        0x4 /opt/st/stm32cubeide_1.5.0/plugins/com.st.stm32cube.ide.mcu.externaltools.gnu-tools-for-stm32.7-2018-q2-update.linux64_1.5.0.202011040924/tools/bin/../lib/gcc/arm-none-eabi/7.3.1/thumb/v7-m/crtbegin.o
                0x000000000800c76c                PROVIDE (__init_array_end = .)

.fini_array     0x000000000800c76c        0x4
                0x000000000800c76c                PROVIDE (__fini_array_start = .)
 *(SORT_BY_NAME(.fini_array.*))
 *(.fini_array*)
 .fini_array    0x000000000800c76c        0x4 /opt/st/stm32cubeide_1.5.0/plugins/com.st.stm32cube.ide.mcu.externaltools.gnu-tools-for-stm32.7-2018-q2-update.linux64_1.5.0.202011040924/tools/bin/../lib/gcc/arm-none-eabi/7.3.1/thumb/v7-m/crtbegin.o
                0x000000000800c770                PROVIDE (__fini_array_end = .)
                0x000000000800c770                _sidata = LOADADDR (.data)

.data           0x0000000020000000      0x520 load address 0x000000000800c770
                0x0000000020000000                . = ALIGN (0x4)
                0x0000000020000000                _sdata = .
 *(.data)
 *(.data*)
 .data.nOnFlag.8684
                0x0000000020000000        0x1 src/main.o
 *fill*         0x0000000020000001        0x3 
 .data.SystemCoreClock
                0x0000000020000004        0x4 src/system_stm32f10x.o
                0x0000000020000004                SystemCoreClock
 .data.Virtual_Com_Port_StringSerial
                0x0000000020000008       0x1a usb/usb_desc.o
                0x0000000020000008                Virtual_Com_Port_StringSerial
 *fill*         0x0000000020000022        0x2 
 .data.pEpInt_IN
                0x0000000020000024       0x1c usb/usb_istr.o
                0x0000000020000024                pEpInt_IN
 .data.pEpInt_OUT
                0x0000000020000040       0x1c usb/usb_istr.o
                0x0000000020000040                pEpInt_OUT
 .data.Config_Descriptor
                0x000000002000005c        0x8 usb/usb_prop.o
                0x000000002000005c                Config_Descriptor
 .data.Device_Descriptor
                0x0000000020000064        0x8 usb/usb_prop.o
                0x0000000020000064                Device_Descriptor
 .data.Device_Property
                0x000000002000006c       0x30 usb/usb_prop.o
                0x000000002000006c                Device_Property
 .data.Device_Table
                0x000000002000009c        0x2 usb/usb_prop.o
                0x000000002000009c                Device_Table
 *fill*         0x000000002000009e        0x2 
 .data.String_Descriptor
                0x00000000200000a0       0x20 usb/usb_prop.o
                0x00000000200000a0                String_Descriptor
 .data.User_Standard_Requests
                0x00000000200000c0       0x24 usb/usb_prop.o
                0x00000000200000c0                User_Standard_Requests
 .data.linecoding
                0x00000000200000e4        0x8 usb/usb_prop.o
                0x00000000200000e4                linecoding
 .data._impure_ptr
                0x00000000200000ec        0x4 /opt/st/stm32cubeide_1.5.0/plugins/com.st.stm32cube.ide.mcu.externaltools.gnu-tools-for-stm32.7-2018-q2-update.linux64_1.5.0.202011040924/tools/bin/../lib/gcc/arm-none-eabi/7.3.1/../../../../arm-none-eabi/lib/thumb/v7-m/libc.a(lib_a-impure.o)
                0x00000000200000ec                _impure_ptr
 .data.impure_data
                0x00000000200000f0      0x428 /opt/st/stm32cubeide_1.5.0/plugins/com.st.stm32cube.ide.mcu.externaltools.gnu-tools-for-stm32.7-2018-q2-update.linux64_1.5.0.202011040924/tools/bin/../lib/gcc/arm-none-eabi/7.3.1/../../../../arm-none-eabi/lib/thumb/v7-m/libc.a(lib_a-impure.o)
 .data.__atexit_recursive_mutex
                0x0000000020000518        0x4 /opt/st/stm32cubeide_1.5.0/plugins/com.st.stm32cube.ide.mcu.externaltools.gnu-tools-for-stm32.7-2018-q2-update.linux64_1.5.0.202011040924/tools/bin/../lib/gcc/arm-none-eabi/7.3.1/../../../../arm-none-eabi/lib/thumb/v7-m/libc.a(lib_a-__call_atexit.o)
                0x0000000020000518                __atexit_recursive_mutex
 .data.__fdlib_version
                0x000000002000051c        0x1 /opt/st/stm32cubeide_1.5.0/plugins/com.st.stm32cube.ide.mcu.externaltools.gnu-tools-for-stm32.7-2018-q2-update.linux64_1.5.0.202011040924/tools/bin/../lib/gcc/arm-none-eabi/7.3.1/../../../../arm-none-eabi/lib/thumb/v7-m/libm.a(lib_a-s_lib_ver.o)
                0x000000002000051c                __fdlib_version
                0x0000000020000520                . = ALIGN (0x4)
 *fill*         0x000000002000051d        0x3 
                0x0000000020000520                _edata = .

.igot.plt       0x0000000020000520        0x0 load address 0x000000000800cc90
 .igot.plt      0x0000000020000520        0x0 /opt/st/stm32cubeide_1.5.0/plugins/com.st.stm32cube.ide.mcu.externaltools.gnu-tools-for-stm32.7-2018-q2-update.linux64_1.5.0.202011040924/tools/bin/../lib/gcc/arm-none-eabi/7.3.1/thumb/v7-m/crtbegin.o
                0x0000000020000520                . = ALIGN (0x4)

.bss            0x0000000020000520     0x117c load address 0x000000000800cc90
                0x0000000020000520                _sbss = .
                0x0000000020000520                __bss_start__ = _sbss
 *(.bss)
 .bss           0x0000000020000520       0x1c /opt/st/stm32cubeide_1.5.0/plugins/com.st.stm32cube.ide.mcu.externaltools.gnu-tools-for-stm32.7-2018-q2-update.linux64_1.5.0.202011040924/tools/bin/../lib/gcc/arm-none-eabi/7.3.1/thumb/v7-m/crtbegin.o
 *(.bss*)
 .bss.block_buffer
                0x000000002000053c      0x7e0 src/planner.o
 .bss.block_buffer_head
                0x0000000020000d1c        0x1 src/planner.o
 .bss.block_buffer_planned
                0x0000000020000d1d        0x1 src/planner.o
 .bss.block_buffer_tail
                0x0000000020000d1e        0x1 src/planner.o
 .bss.next_buffer_head
                0x0000000020000d1f        0x1 src/planner.o
 .bss.pl        0x0000000020000d20       0x24 src/planner.o
 .bss.line      0x0000000020000d44       0x50 src/protocol.o
 .bss.serial_rx_buffer_head
                0x0000000020000d94        0x1 src/serial.o
                0x0000000020000d94                serial_rx_buffer_head
 .bss.serial_rx_buffer_tail
                0x0000000020000d95        0x1 src/serial.o
                0x0000000020000d95                serial_rx_buffer_tail
 .bss.serial_tx_buffer_head
                0x0000000020000d96        0x1 src/serial.o
                0x0000000020000d96                serial_tx_buffer_head
 .bss.serial_tx_buffer_tail
                0x0000000020000d97        0x1 src/serial.o
                0x0000000020000d97                serial_tx_buffer_tail
 .bss.pwm_gradient
                0x0000000020000d98        0x4 src/spindle_control.o
 .bss.busy      0x0000000020000d9c        0x1 src/stepper.o
 *fill*         0x0000000020000d9d        0x1 
 .bss.dir_port_invert_mask
                0x0000000020000d9e        0x2 src/stepper.o
 .bss.pl_block  0x0000000020000da0        0x4 src/stepper.o
 .bss.prep      0x0000000020000da4       0x38 src/stepper.o
 .bss.segment_buffer
                0x0000000020000ddc       0x50 src/stepper.o
 .bss.segment_buffer_head
                0x0000000020000e2c        0x1 src/stepper.o
 .bss.segment_buffer_tail
                0x0000000020000e2d        0x1 src/stepper.o
 .bss.segment_next_head
                0x0000000020000e2e        0x1 src/stepper.o
 *fill*         0x0000000020000e2f        0x1 
 .bss.st        0x0000000020000e30       0x34 src/stepper.o
 .bss.st_block_buffer
                0x0000000020000e64       0xd8 src/stepper.o
 .bss.st_prep_block
                0x0000000020000f3c        0x4 src/stepper.o
 .bss.step_port_invert_mask
                0x0000000020000f40        0x2 src/stepper.o
 *fill*         0x0000000020000f42        0x2 
 .bss.Data_Mul_MaxPacketSize
                0x0000000020000f44        0x4 stm_usb_fs_lib/src/usb_core.o
                0x0000000020000f44                Data_Mul_MaxPacketSize
 .bss.txUsbLock
                0x0000000020000f48        0x1 usb/usb_endp.o
                0x0000000020000f48                txUsbLock
 .bss.bIntPackSOF
                0x0000000020000f49        0x1 usb/usb_istr.o
                0x0000000020000f49                bIntPackSOF
 .bss.Request   0x0000000020000f4a        0x1 usb/usb_prop.o
                0x0000000020000f4a                Request
 *fill*         0x0000000020000f4b        0x1 
 .bss.bDeviceState
                0x0000000020000f4c        0x4 usb/usb_pwr.o
                0x0000000020000f4c                bDeviceState
 *(COMMON)
 COMMON         0x0000000020000f50      0x400 src/eeprom.o
                0x0000000020000f50                EE_Buffer
 COMMON         0x0000000020001350       0x98 src/gcode.o
                0x0000000020001350                gc_state
                0x00000000200013a0                gc_block
 COMMON         0x00000000200013e8       0x3d src/main.o
                0x00000000200013e8                sys_rt_exec_motion_override
                0x00000000200013ec                sys
                0x0000000020001400                sys_rt_exec_accessory_override
                0x0000000020001401                sys_rt_exec_state
                0x0000000020001402                sys_probe_state
                0x0000000020001404                sys_probe_position
                0x0000000020001414                sys_position
                0x0000000020001424                sys_rt_exec_alarm
 *fill*         0x0000000020001425        0x1 
 COMMON         0x0000000020001426        0x2 src/probe.o
                0x0000000020001426                probe_invert_mask
 COMMON         0x0000000020001428      0x17e src/serial.o
                0x0000000020001428                serial_tx_buffer
                0x00000000200014a8                serial_rx_buffer
 *fill*         0x00000000200015a6        0x2 
 COMMON         0x00000000200015a8       0x6c src/settings.o
                0x00000000200015a8                settings
 COMMON         0x0000000020001614        0x2 stm_usb_fs_lib/src/usb_core.o
                0x0000000020001614                StatusInfo
 *fill*         0x0000000020001616        0x2 
 COMMON         0x0000000020001618       0x32 stm_usb_fs_lib/src/usb_init.o
                0x0000000020001618                SaveState
                0x000000002000161c                pProperty
                0x0000000020001620                EPindex
                0x0000000020001624                Device_Info
                0x0000000020001640                pUser_Standard_Requests
                0x0000000020001644                pInformation
                0x0000000020001648                wInterrupt_Mask
 COMMON         0x000000002000164a        0x4 stm_usb_fs_lib/src/usb_int.o
                0x000000002000164a                SaveRState
                0x000000002000164c                SaveTState
 *fill*         0x000000002000164e        0x2 
 COMMON         0x0000000020001650       0x40 usb/usb_endp.o
                0x0000000020001650                USB_Rx_Buffer
 COMMON         0x0000000020001690        0x2 usb/usb_istr.o
                0x0000000020001690                wIstr
 COMMON         0x0000000020001692        0x9 /opt/st/stm32cubeide_1.5.0/plugins/com.st.stm32cube.ide.mcu.externaltools.gnu-tools-for-stm32.7-2018-q2-update.linux64_1.5.0.202011040924/tools/bin/../lib/gcc/arm-none-eabi/7.3.1/../../../../arm-none-eabi/lib/thumb/v7-m/libc.a(lib_a-lock.o)
                0x0000000020001692                __lock___atexit_recursive_mutex
                0x0000000020001693                __lock___arc4random_mutex
                0x0000000020001694                __lock___env_recursive_mutex
                0x0000000020001695                __lock___sinit_recursive_mutex
                0x0000000020001696                __lock___malloc_recursive_mutex
                0x0000000020001697                __lock___at_quick_exit_mutex
                0x0000000020001698                __lock___dd_hash_mutex
                0x0000000020001699                __lock___tz_mutex
                0x000000002000169a                __lock___sfp_recursive_mutex
                0x000000002000169c                . = ALIGN (0x4)
 *fill*         0x000000002000169b        0x1 
                0x000000002000169c                _ebss = .
                0x000000002000169c                __bss_end__ = _ebss

._user_heap_stack
                0x000000002000169c      0x280 load address 0x000000000800cc90
                0x000000002000169c                . = ALIGN (0x4)
                [!provide]                        PROVIDE (end = .)
                [!provide]                        PROVIDE (_end = .)
                0x000000002000171c                . = (. + _Min_Heap_Size)
 *fill*         0x000000002000169c       0x80 
                0x000000002000191c                . = (. + _Min_Stack_Size)
 *fill*         0x000000002000171c      0x200 
                0x000000002000191c                . = ALIGN (0x4)

.memory_b1_text
 *(.mb1text)
 *(.mb1text*)
 *(.mb1rodata)
 *(.mb1rodata*)

/DISCARD/
 libc.a(*)
 libm.a(*)
 libgcc.a(*)

.ARM.attributes
                0x0000000000000000       0x29
 *(.ARM.attributes)
 .ARM.attributes
                0x0000000000000000       0x1d /opt/st/stm32cubeide_1.5.0/plugins/com.st.stm32cube.ide.mcu.externaltools.gnu-tools-for-stm32.7-2018-q2-update.linux64_1.5.0.202011040924/tools/bin/../lib/gcc/arm-none-eabi/7.3.1/thumb/v7-m/crti.o
 .ARM.attributes
                0x000000000000001d       0x2d /opt/st/stm32cubeide_1.5.0/plugins/com.st.stm32cube.ide.mcu.externaltools.gnu-tools-for-stm32.7-2018-q2-update.linux64_1.5.0.202011040924/tools/bin/../lib/gcc/arm-none-eabi/7.3.1/thumb/v7-m/crtbegin.o
 .ARM.attributes
                0x000000000000004a       0x33 Libraries/STM32F10x_StdPeriph_Driver/src/misc.o
 .ARM.attributes
                0x000000000000007d       0x33 Libraries/STM32F10x_StdPeriph_Driver/src/stm32f10x_exti.o
 .ARM.attributes
                0x00000000000000b0       0x33 Libraries/STM32F10x_StdPeriph_Driver/src/stm32f10x_flash.o
 .ARM.attributes
                0x00000000000000e3       0x33 Libraries/STM32F10x_StdPeriph_Driver/src/stm32f10x_gpio.o
 .ARM.attributes
                0x0000000000000116       0x33 Libraries/STM32F10x_StdPeriph_Driver/src/stm32f10x_rcc.o
 .ARM.attributes
                0x0000000000000149       0x33 Libraries/STM32F10x_StdPeriph_Driver/src/stm32f10x_tim.o
 .ARM.attributes
                0x000000000000017c       0x33 src/coolant_control.o
 .ARM.attributes
                0x00000000000001af       0x33 src/eeprom.o
 .ARM.attributes
                0x00000000000001e2       0x33 src/gcode.o
 .ARM.attributes
                0x0000000000000215       0x33 src/jog.o
 .ARM.attributes
                0x0000000000000248       0x33 src/limits.o
 .ARM.attributes
                0x000000000000027b       0x33 src/main.o
 .ARM.attributes
                0x00000000000002ae       0x33 src/motion_control.o
 .ARM.attributes
                0x00000000000002e1       0x33 src/nuts_bolts.o
 .ARM.attributes
                0x0000000000000314       0x33 src/planner.o
 .ARM.attributes
                0x0000000000000347       0x33 src/print.o
 .ARM.attributes
                0x000000000000037a       0x33 src/probe.o
 .ARM.attributes
                0x00000000000003ad       0x33 src/protocol.o
 .ARM.attributes
                0x00000000000003e0       0x33 src/report.o
 .ARM.attributes
                0x0000000000000413       0x33 src/serial.o
 .ARM.attributes
                0x0000000000000446       0x33 src/settings.o
 .ARM.attributes
                0x0000000000000479       0x33 src/spindle_control.o
 .ARM.attributes
                0x00000000000004ac       0x21 src/startup_stm32f10x_md.o
 .ARM.attributes
                0x00000000000004cd       0x33 src/stepper.o
 .ARM.attributes
                0x0000000000000500       0x33 src/system.o
 .ARM.attributes
                0x0000000000000533       0x33 src/system_stm32f10x.o
 .ARM.attributes
                0x0000000000000566       0x33 stm_usb_fs_lib/src/usb_core.o
 .ARM.attributes
                0x0000000000000599       0x33 stm_usb_fs_lib/src/usb_init.o
 .ARM.attributes
                0x00000000000005cc       0x33 stm_usb_fs_lib/src/usb_int.o
 .ARM.attributes
                0x00000000000005ff       0x33 stm_usb_fs_lib/src/usb_mem.o
 .ARM.attributes
                0x0000000000000632       0x33 stm_usb_fs_lib/src/usb_regs.o
 .ARM.attributes
                0x0000000000000665       0x33 stm_usb_fs_lib/src/usb_sil.o
 .ARM.attributes
                0x0000000000000698       0x33 usb/hw_config.o
 .ARM.attributes
                0x00000000000006cb       0x33 usb/usb_desc.o
 .ARM.attributes
                0x00000000000006fe       0x33 usb/usb_endp.o
 .ARM.attributes
                0x0000000000000731       0x33 usb/usb_istr.o
 .ARM.attributes
                0x0000000000000764       0x33 usb/usb_prop.o
 .ARM.attributes
                0x0000000000000797       0x33 usb/usb_pwr.o
 .ARM.attributes
                0x00000000000007ca       0x33 util/stm32f10x_it.o
 .ARM.attributes
                0x00000000000007fd       0x2d /opt/st/stm32cubeide_1.5.0/plugins/com.st.stm32cube.ide.mcu.externaltools.gnu-tools-for-stm32.7-2018-q2-update.linux64_1.5.0.202011040924/tools/bin/../lib/gcc/arm-none-eabi/7.3.1/../../../../arm-none-eabi/lib/thumb/v7-m/libc.a(lib_a-impure.o)
 .ARM.attributes
                0x000000000000082a       0x2d /opt/st/stm32cubeide_1.5.0/plugins/com.st.stm32cube.ide.mcu.externaltools.gnu-tools-for-stm32.7-2018-q2-update.linux64_1.5.0.202011040924/tools/bin/../lib/gcc/arm-none-eabi/7.3.1/../../../../arm-none-eabi/lib/thumb/v7-m/libc.a(lib_a-init.o)
 .ARM.attributes
                0x0000000000000857       0x2d /opt/st/stm32cubeide_1.5.0/plugins/com.st.stm32cube.ide.mcu.externaltools.gnu-tools-for-stm32.7-2018-q2-update.linux64_1.5.0.202011040924/tools/bin/../lib/gcc/arm-none-eabi/7.3.1/../../../../arm-none-eabi/lib/thumb/v7-m/libc.a(lib_a-memcmp.o)
 .ARM.attributes
                0x0000000000000884       0x2d /opt/st/stm32cubeide_1.5.0/plugins/com.st.stm32cube.ide.mcu.externaltools.gnu-tools-for-stm32.7-2018-q2-update.linux64_1.5.0.202011040924/tools/bin/../lib/gcc/arm-none-eabi/7.3.1/../../../../arm-none-eabi/lib/thumb/v7-m/libc.a(lib_a-memset.o)
 .ARM.attributes
                0x00000000000008b1       0x2d /opt/st/stm32cubeide_1.5.0/plugins/com.st.stm32cube.ide.mcu.externaltools.gnu-tools-for-stm32.7-2018-q2-update.linux64_1.5.0.202011040924/tools/bin/../lib/gcc/arm-none-eabi/7.3.1/../../../../arm-none-eabi/lib/thumb/v7-m/libc.a(lib_a-__call_atexit.o)
 .ARM.attributes
                0x00000000000008de       0x2d /opt/st/stm32cubeide_1.5.0/plugins/com.st.stm32cube.ide.mcu.externaltools.gnu-tools-for-stm32.7-2018-q2-update.linux64_1.5.0.202011040924/tools/bin/../lib/gcc/arm-none-eabi/7.3.1/../../../../arm-none-eabi/lib/thumb/v7-m/libc.a(lib_a-atexit.o)
 .ARM.attributes
                0x000000000000090b       0x2d /opt/st/stm32cubeide_1.5.0/plugins/com.st.stm32cube.ide.mcu.externaltools.gnu-tools-for-stm32.7-2018-q2-update.linux64_1.5.0.202011040924/tools/bin/../lib/gcc/arm-none-eabi/7.3.1/../../../../arm-none-eabi/lib/thumb/v7-m/libc.a(lib_a-fini.o)
 .ARM.attributes
                0x0000000000000938       0x2d /opt/st/stm32cubeide_1.5.0/plugins/com.st.stm32cube.ide.mcu.externaltools.gnu-tools-for-stm32.7-2018-q2-update.linux64_1.5.0.202011040924/tools/bin/../lib/gcc/arm-none-eabi/7.3.1/../../../../arm-none-eabi/lib/thumb/v7-m/libc.a(lib_a-lock.o)
 .ARM.attributes
                0x0000000000000965       0x2d /opt/st/stm32cubeide_1.5.0/plugins/com.st.stm32cube.ide.mcu.externaltools.gnu-tools-for-stm32.7-2018-q2-update.linux64_1.5.0.202011040924/tools/bin/../lib/gcc/arm-none-eabi/7.3.1/../../../../arm-none-eabi/lib/thumb/v7-m/libc.a(lib_a-__atexit.o)
 .ARM.attributes
                0x0000000000000992       0x2d /opt/st/stm32cubeide_1.5.0/plugins/com.st.stm32cube.ide.mcu.externaltools.gnu-tools-for-stm32.7-2018-q2-update.linux64_1.5.0.202011040924/tools/bin/../lib/gcc/arm-none-eabi/7.3.1/../../../../arm-none-eabi/lib/thumb/v7-m/libm.a(lib_a-sf_ceil.o)
 .ARM.attributes
                0x00000000000009bf       0x2d /opt/st/stm32cubeide_1.5.0/plugins/com.st.stm32cube.ide.mcu.externaltools.gnu-tools-for-stm32.7-2018-q2-update.linux64_1.5.0.202011040924/tools/bin/../lib/gcc/arm-none-eabi/7.3.1/../../../../arm-none-eabi/lib/thumb/v7-m/libm.a(lib_a-sf_cos.o)
 .ARM.attributes
                0x00000000000009ec       0x2d /opt/st/stm32cubeide_1.5.0/plugins/com.st.stm32cube.ide.mcu.externaltools.gnu-tools-for-stm32.7-2018-q2-update.linux64_1.5.0.202011040924/tools/bin/../lib/gcc/arm-none-eabi/7.3.1/../../../../arm-none-eabi/lib/thumb/v7-m/libm.a(lib_a-sf_floor.o)
 .ARM.attributes
                0x0000000000000a19       0x2d /opt/st/stm32cubeide_1.5.0/plugins/com.st.stm32cube.ide.mcu.externaltools.gnu-tools-for-stm32.7-2018-q2-update.linux64_1.5.0.202011040924/tools/bin/../lib/gcc/arm-none-eabi/7.3.1/../../../../arm-none-eabi/lib/thumb/v7-m/libm.a(lib_a-sf_lround.o)
 .ARM.attributes
                0x0000000000000a46       0x2d /opt/st/stm32cubeide_1.5.0/plugins/com.st.stm32cube.ide.mcu.externaltools.gnu-tools-for-stm32.7-2018-q2-update.linux64_1.5.0.202011040924/tools/bin/../lib/gcc/arm-none-eabi/7.3.1/../../../../arm-none-eabi/lib/thumb/v7-m/libm.a(lib_a-sf_sin.o)
 .ARM.attributes
                0x0000000000000a73       0x2d /opt/st/stm32cubeide_1.5.0/plugins/com.st.stm32cube.ide.mcu.externaltools.gnu-tools-for-stm32.7-2018-q2-update.linux64_1.5.0.202011040924/tools/bin/../lib/gcc/arm-none-eabi/7.3.1/../../../../arm-none-eabi/lib/thumb/v7-m/libm.a(lib_a-sf_trunc.o)
 .ARM.attributes
                0x0000000000000aa0       0x2d /opt/st/stm32cubeide_1.5.0/plugins/com.st.stm32cube.ide.mcu.externaltools.gnu-tools-for-stm32.7-2018-q2-update.linux64_1.5.0.202011040924/tools/bin/../lib/gcc/arm-none-eabi/7.3.1/../../../../arm-none-eabi/lib/thumb/v7-m/libm.a(lib_a-wf_atan2.o)
 .ARM.attributes
                0x0000000000000acd       0x2d /opt/st/stm32cubeide_1.5.0/plugins/com.st.stm32cube.ide.mcu.externaltools.gnu-tools-for-stm32.7-2018-q2-update.linux64_1.5.0.202011040924/tools/bin/../lib/gcc/arm-none-eabi/7.3.1/../../../../arm-none-eabi/lib/thumb/v7-m/libm.a(lib_a-wf_sqrt.o)
 .ARM.attributes
                0x0000000000000afa       0x2d /opt/st/stm32cubeide_1.5.0/plugins/com.st.stm32cube.ide.mcu.externaltools.gnu-tools-for-stm32.7-2018-q2-update.linux64_1.5.0.202011040924/tools/bin/../lib/gcc/arm-none-eabi/7.3.1/../../../../arm-none-eabi/lib/thumb/v7-m/libm.a(lib_a-ef_atan2.o)
 .ARM.attributes